Component: ARM Compiler 5.06 update 7 (build 960) Tool: armlink [4d3601]

==============================================================================

Section Cross References

    main.o(i.CONTROL_INIT) refers to stm32f10x_rcc.o(i.RCC_APB2PeriphClockCmd) for RCC_APB2PeriphClockCmd
    main.o(i.CONTROL_INIT) refers to stm32f10x_gpio.o(i.GPIO_Init) for GPIO_Init
    main.o(i.DACINIT) refers to stm32f10x_gpio.o(i.GPIO_Init) for GPIO_Init
    main.o(i.DACINIT) refers to stm32f10x_gpio.o(i.GPIO_SetBits) for GPIO_SetBits
    main.o(i.DACINIT) refers to stm32f10x_rcc.o(i.RCC_APB1PeriphClockCmd) for RCC_APB1PeriphClockCmd
    main.o(i.DACINIT) refers to stm32f10x_dac.o(i.DAC_Init) for DAC_Init
    main.o(i.DACINIT) refers to stm32f10x_dac.o(i.DAC_Cmd) for DAC_Cmd
    main.o(i.DACINIT) refers to stm32f10x_dac.o(i.DAC_SetChannel1Data) for DAC_SetChannel1Data
    main.o(i.GPIOINIT) refers to stm32f10x_gpio.o(i.GPIO_Init) for GPIO_Init
    main.o(i.GPIOINIT) refers to stm32f10x_gpio.o(i.GPIO_SetBits) for GPIO_SetBits
    main.o(i.NVICINIT) refers to misc.o(i.NVIC_PriorityGroupConfig) for NVIC_PriorityGroupConfig
    main.o(i.NVICINIT) refers to misc.o(i.NVIC_Init) for NVIC_Init
    main.o(i.RCCINIT) refers to system_stm32f10x.o(i.SystemInit) for SystemInit
    main.o(i.RCCINIT) refers to stm32f10x_rcc.o(i.RCC_APB2PeriphClockCmd) for RCC_APB2PeriphClockCmd
    main.o(i.RCCINIT) refers to stm32f10x_rcc.o(i.RCC_APB1PeriphClockCmd) for RCC_APB1PeriphClockCmd
    main.o(i.SendFunction) refers to dma.o(i.DMAx_Init) for DMAx_Init
    main.o(i.SendFunction) refers to stm32f10x_usart.o(i.USART_DMACmd) for USART_DMACmd
    main.o(i.SendFunction) refers to dma.o(i.DMAx_Enable) for DMAx_Enable
    main.o(i.SendFunction) refers to stm32f10x_dma.o(i.DMA_GetFlagStatus) for DMA_GetFlagStatus
    main.o(i.SendFunction) refers to stm32f10x_dma.o(i.DMA_ClearFlag) for DMA_ClearFlag
    main.o(i.SendFunction) refers to systick.o(i.delay_ms) for delay_ms
    main.o(i.TIM4_IRQHandler) refers to stm32f10x_tim.o(i.TIM_GetITStatus) for TIM_GetITStatus
    main.o(i.TIM4_IRQHandler) refers to adc.o(i.Get_ADC_Value) for Get_ADC_Value
    main.o(i.TIM4_IRQHandler) refers to stm32f10x_tim.o(i.TIM_ClearITPendingBit) for TIM_ClearITPendingBit
    main.o(i.TIM4_IRQHandler) refers to main.o(.data) for flagadc
    main.o(i.TIM4_IRQHandler) refers to main.o(.bss) for vol
    main.o(i.USARTINIT) refers to stm32f10x_usart.o(i.USART_Init) for USART_Init
    main.o(i.USARTINIT) refers to stm32f10x_usart.o(i.USART_ITConfig) for USART_ITConfig
    main.o(i.USARTINIT) refers to stm32f10x_usart.o(i.USART_Cmd) for USART_Cmd
    main.o(i.USARTINIT) refers to stm32f10x_usart.o(i.USART_ClearFlag) for USART_ClearFlag
    main.o(i.addvol) refers to main.o(i.U32ToU4Array) for U32ToU4Array
    main.o(i.addvol) refers to main.o(i.U4ToBitArray) for U4ToBitArray
    main.o(i.addvol) refers to main.o(.data) for buf8
    main.o(i.addvol) refers to main.o(.bss) for bufb
    main.o(i.kfft) refers to dflti.o(.text) for __aeabi_i2d
    main.o(i.kfft) refers to dmul.o(.text) for __aeabi_dmul
    main.o(i.kfft) refers to ddiv.o(.text) for __aeabi_ddiv
    main.o(i.kfft) refers to d2f.o(.text) for __aeabi_d2f
    main.o(i.kfft) refers to f2d.o(.text) for __aeabi_f2d
    main.o(i.kfft) refers to cos.o(i.cos) for cos
    main.o(i.kfft) refers to sin.o(i.sin) for sin
    main.o(i.kfft) refers to fmul.o(.text) for __aeabi_fmul
    main.o(i.kfft) refers to fadd.o(.text) for __aeabi_fadd
    main.o(i.kfft) refers to sqrt.o(i.sqrt) for sqrt
    main.o(i.main) refers to systick.o(i.SysTick_Init) for SysTick_Init
    main.o(i.main) refers to misc.o(i.NVIC_PriorityGroupConfig) for NVIC_PriorityGroupConfig
    main.o(i.main) refers to usart.o(i.USART1_Init) for USART1_Init
    main.o(i.main) refers to main.o(i.CONTROL_INIT) for CONTROL_INIT
    main.o(i.main) refers to adc.o(i.ADCx_Init) for ADCx_Init
    main.o(i.main) refers to time.o(i.TIM4_Init) for TIM4_Init
    main.o(i.main) refers to dma.o(i.DMAx_Init) for DMAx_Init
    main.o(i.main) refers to main.o(i.Send_Data) for Send_Data
    main.o(i.main) refers to main.o(i.control_key) for control_key
    main.o(i.main) refers to printfa.o(i.__0printf) for __2printf
    main.o(i.main) refers to stm32f10x_usart.o(i.USART_SendData) for USART_SendData
    main.o(i.main) refers to stm32f10x_usart.o(i.USART_GetFlagStatus) for USART_GetFlagStatus
    main.o(i.main) refers to dfltui.o(.text) for __aeabi_ui2d
    main.o(i.main) refers to dmul.o(.text) for __aeabi_dmul
    main.o(i.main) refers to d2f.o(.text) for __aeabi_d2f
    main.o(i.main) refers to main.o(i.kfft) for kfft
    main.o(i.main) refers to f2d.o(.text) for __aeabi_f2d
    main.o(i.main) refers to cfrcmple.o(.text) for __aeabi_cfrcmple
    main.o(i.main) refers to fadd.o(.text) for __aeabi_fadd
    main.o(i.main) refers to main.o(i.BitToU4Array) for BitToU4Array
    main.o(i.main) refers to main.o(i.U4ToU32Array) for U4ToU32Array
[...]
    sin_i.o(i.__kernel_sin) refers to sin_i.o(.constdata) for .constdata
    sin_i.o(.constdata) refers (Special) to iusefp.o(.text) for __I$use$fp
    sin_i_x.o(i.____kernel_sin$lsc) refers (Special) to iusefp.o(.text) for __I$use$fp
    sin_i_x.o(i.____kernel_sin$lsc) refers to dmul.o(.text) for __aeabi_dmul
    sin_i_x.o(i.____kernel_sin$lsc) refers to poly.o(i.__kernel_poly) for __kernel_poly
    sin_i_x.o(i.____kernel_sin$lsc) refers to dscalb.o(.text) for __ARM_scalbn
    sin_i_x.o(i.____kernel_sin$lsc) refers to dadd.o(.text) for __aeabi_dsub
    sin_i_x.o(i.____kernel_sin$lsc) refers to sin_i_x.o(.constdata) for .constdata
    sin_i_x.o(.constdata) refers (Special) to iusefp.o(.text) for __I$use$fp
    entry2.o(.ARM.Collect$$$$00000001) refers to entry2.o(.ARM.Collect$$$$00002712) for __lit__00000000
    entry2.o(.ARM.Collect$$$$00002712) refers to startup_stm32f10x_hd.o(STACK) for __initial_sp
    entry2.o(__vectab_stack_and_reset_area) refers to startup_stm32f10x_hd.o(STACK) for __initial_sp
    entry2.o(__vectab_stack_and_reset_area) refers to entry.o(.ARM.Collect$$$$00000000) for __main
    entry5.o(.ARM.Collect$$$$00000004) refers to init.o(.text) for __scatterload
    entry9a.o(.ARM.Collect$$$$0000000B) refers to main.o(i.main) for main
    entry9b.o(.ARM.Collect$$$$0000000C) refers to main.o(i.main) for main
    uldiv.o(.text) refers to llushr.o(.text) for __aeabi_llsr
    uldiv.o(.text) refers to llshl.o(.text) for __aeabi_llsl
    errno.o(i.__aeabi_errno_addr) refers to errno.o(.data) for .data
    errno.o(i.__read_errno) refers to errno.o(.data) for .data
    errno.o(i.__set_errno) refers to errno.o(.data) for .data
    depilogue.o(.text) refers to llshl.o(.text) for __aeabi_llsl
    depilogue.o(.text) refers to llushr.o(.text) for __aeabi_llsr
    dadd.o(.text) refers to llshl.o(.text) for __aeabi_llsl
    dadd.o(.text) refers to llsshr.o(.text) for __aeabi_lasr
    dadd.o(.text) refers to depilogue.o(.text) for _double_epilogue
    dsqrt.o(.text) refers to llushr.o(.text) for __aeabi_llsr
    dsqrt.o(.text) refers to depilogue.o(.text) for _double_round
    dfixul.o(.text) refers to llushr.o(.text) for __aeabi_llsr
    dfixul.o(.text) refers to llshl.o(.text) for __aeabi_llsl
    fpclassify.o(i.__ARM_fpclassify) refers (Special) to iusefp.o(.text) for __I$use$fp
    poly.o(i.__kernel_poly) refers (Special) to iusefp.o(.text) for __I$use$fp
    poly.o(i.__kernel_poly) refers to dmul.o(.text) for __aeabi_dmul
    poly.o(i.__kernel_poly) refers to dadd.o(.text) for __aeabi_dadd
    init.o(.text) refers to entry5.o(.ARM.Collect$$$$00000004) for __main_after_scatterload
    dfixi.o(.text) refers to llushr.o(.text) for __aeabi_llsr


==============================================================================

Removing Unused input sections from the image.

    Removing main.o(i.DACINIT), (92 bytes).
    Removing main.o(i.GPIOINIT), (92 bytes).
    Removing main.o(i.NVICINIT), (40 bytes).
    Removing main.o(i.RCCINIT), (40 bytes).
    Removing main.o(i.U32ToU4Array), (52 bytes).
    Removing main.o(i.U4ToBitArray), (26 bytes).
    Removing main.o(i.USARTINIT), (76 bytes).
    Removing main.o(i.addvol), (156 bytes).
    Removing startup_stm32f10x_hd.o(HEAP), (512 bytes).
    Removing stm32f10x_gpio.o(i.GPIO_AFIODeInit), (20 bytes).
    Removing stm32f10x_gpio.o(i.GPIO_DeInit), (200 bytes).
    Removing stm32f10x_gpio.o(i.GPIO_ETH_MediaInterfaceConfig), (12 bytes).
    Removing stm32f10x_gpio.o(i.GPIO_EXTILineConfig), (64 bytes).
    Removing stm32f10x_gpio.o(i.GPIO_EventOutputCmd), (12 bytes).
    Removing stm32f10x_gpio.o(i.GPIO_EventOutputConfig), (32 bytes).
    Removing stm32f10x_gpio.o(i.GPIO_PinLockConfig), (18 bytes).
    Removing stm32f10x_gpio.o(i.GPIO_PinRemapConfig), (144 bytes).
    Removing stm32f10x_gpio.o(i.GPIO_ReadInputData), (8 bytes).
    Removing stm32f10x_gpio.o(i.GPIO_ReadInputDataBit), (18 bytes).
    Removing stm32f10x_gpio.o(i.GPIO_ReadOutputData), (8 bytes).
    Removing stm32f10x_gpio.o(i.GPIO_ReadOutputDataBit), (18 bytes).
    Removing stm32f10x_gpio.o(i.GPIO_ResetBits), (4 bytes).
    Removing stm32f10x_gpio.o(i.GPIO_SetBits), (4 bytes).
    Removing stm32f10x_gpio.o(i.GPIO_StructInit), (16 bytes).
    Removing stm32f10x_gpio.o(i.GPIO_Write), (4 bytes).
    Removing stm32f10x_gpio.o(i.GPIO_WriteBit), (10 bytes).
    Removing stm32f10x_rcc.o(i.RCC_APB1PeriphResetCmd), (32 bytes).
    Removing stm32f10x_rcc.o(i.RCC_APB2PeriphResetCmd), (32 bytes).
    Removing stm32f10x_rcc.o(i.RCC_AdjustHSICalibrationValue), (24 bytes).
    Removing stm32f10x_rcc.o(i.RCC_BackupResetCmd), (12 bytes).
    Removing stm32f10x_rcc.o(i.RCC_ClearFlag), (20 bytes).
    Removing stm32f10x_rcc.o(i.RCC_ClearITPendingBit), (12 bytes).
    Removing stm32f10x_rcc.o(i.RCC_ClockSecuritySystemCmd), (12 bytes).
    Removing stm32f10x_rcc.o(i.RCC_DeInit), (76 bytes).
    Removing stm32f10x_rcc.o(i.RCC_GetFlagStatus), (60 bytes).
    Removing stm32f10x_rcc.o(i.RCC_GetITStatus), (24 bytes).
    Removing stm32f10x_rcc.o(i.RCC_GetSYSCLKSource), (16 bytes).
    Removing stm32f10x_rcc.o(i.RCC_HCLKConfig), (24 bytes).
    Removing stm32f10x_rcc.o(i.RCC_HSEConfig), (76 bytes).
    Removing stm32f10x_rcc.o(i.RCC_HSICmd), (12 bytes).
    Removing stm32f10x_rcc.o(i.RCC_ITConfig), (32 bytes).
    Removing stm32f10x_rcc.o(i.RCC_LSEConfig), (52 bytes).
    Removing stm32f10x_rcc.o(i.RCC_LSICmd), (12 bytes).
    Removing stm32f10x_rcc.o(i.RCC_MCOConfig), (12 bytes).
    Removing stm32f10x_rcc.o(i.RCC_PCLK1Config), (24 bytes).
    Removing stm32f10x_rcc.o(i.RCC_PCLK2Config), (24 bytes).
    Removing stm32f10x_rcc.o(i.RCC_PLLCmd), (12 bytes).
    Removing stm32f10x_rcc.o(i.RCC_PLLConfig), (28 bytes).
    Removing stm32f10x_rcc.o(i.RCC_RTCCLKCmd), (12 bytes).
    Removing stm32f10x_rcc.o(i.RCC_RTCCLKConfig), (16 bytes).
    Removing stm32f10x_rcc.o(i.RCC_SYSCLKConfig), (24 bytes).
    Removing stm32f10x_rcc.o(i.RCC_USBCLKConfig), (12 bytes).
    Removing stm32f10x_rcc.o(i.RCC_WaitForHSEStartUp), (56 bytes).
    Removing misc.o(i.NVIC_SetVectorTable), (20 bytes).
    Removing misc.o(i.NVIC_SystemLPConfig), (32 bytes).
    Removing stm32f10x_exti.o(i.EXTI_ClearFlag), (12 bytes).
    Removing stm32f10x_exti.o(i.EXTI_ClearITPendingBit), (12 bytes).
    Removing stm32f10x_exti.o(i.EXTI_DeInit), (36 bytes).
    Removing stm32f10x_exti.o(i.EXTI_GenerateSWInterrupt), (16 bytes).
    Removing stm32f10x_exti.o(i.EXTI_GetFlagStatus), (24 bytes).
    Removing stm32f10x_exti.o(i.EXTI_GetITStatus), (40 bytes).
    Removing stm32f10x_exti.o(i.EXTI_Init), (148 bytes).
    Removing stm32f10x_exti.o(i.EXTI_StructInit), (16 bytes).
    Removing stm32f10x_tim.o(i.TI1_Config), (128 bytes).
    Removing stm32f10x_tim.o(i.TI2_Config), (152 bytes).
    Removing stm32f10x_tim.o(i.TI3_Config), (144 bytes).
    Removing stm32f10x_tim.o(i.TI4_Config), (152 bytes).
    Removing stm32f10x_tim.o(i.TIM_ARRPreloadConfig), (24 bytes).
    Removing stm32f10x_tim.o(i.TIM_BDTRConfig), (32 bytes).
    Removing stm32f10x_tim.o(i.TIM_BDTRStructInit), (18 bytes).
    Removing stm32f10x_tim.o(i.TIM_CCPreloadControl), (24 bytes).
    Removing stm32f10x_tim.o(i.TIM_CCxCmd), (30 bytes).
    Removing stm32f10x_tim.o(i.TIM_CCxNCmd), (30 bytes).
    Removing stm32f10x_tim.o(i.TIM_ClearFlag), (6 bytes).
    Removing stm32f10x_tim.o(i.TIM_ClearOC1Ref), (18 bytes).
    Removing stm32f10x_tim.o(i.TIM_ClearOC2Ref), (24 bytes).
    Removing stm32f10x_tim.o(i.TIM_ClearOC3Ref), (18 bytes).
    Removing stm32f10x_tim.o(i.TIM_ClearOC4Ref), (24 bytes).
    Removing stm32f10x_tim.o(i.TIM_CounterModeConfig), (18 bytes).
    Removing stm32f10x_tim.o(i.TIM_CtrlPWMOutputs), (30 bytes).
    Removing stm32f10x_tim.o(i.TIM_DMACmd), (18 bytes).
    Removing stm32f10x_tim.o(i.TIM_DMAConfig), (10 bytes).
    Removing stm32f10x_tim.o(i.TIM_DeInit), (488 bytes).
    Removing stm32f10x_tim.o(i.TIM_ETRClockMode1Config), (54 bytes).
    Removing stm32f10x_tim.o(i.TIM_ETRClockMode2Config), (32 bytes).
    Removing stm32f10x_tim.o(i.TIM_ETRConfig), (28 bytes).
    Removing stm32f10x_tim.o(i.TIM_EncoderInterfaceConfig), (66 bytes).
    Removing stm32f10x_tim.o(i.TIM_ForcedOC1Config), (18 bytes).
    Removing stm32f10x_tim.o(i.TIM_ForcedOC2Config), (26 bytes).
    Removing stm32f10x_tim.o(i.TIM_ForcedOC3Config), (18 bytes).
    Removing stm32f10x_tim.o(i.TIM_ForcedOC4Config), (26 bytes).
    Removing stm32f10x_tim.o(i.TIM_GenerateEvent), (4 bytes).
    Removing stm32f10x_tim.o(i.TIM_GetCapture1), (6 bytes).
    Removing stm32f10x_tim.o(i.TIM_GetCapture2), (6 bytes).
    Removing stm32f10x_tim.o(i.TIM_GetCapture3), (6 bytes).
    Removing stm32f10x_tim.o(i.TIM_GetCapture4), (8 bytes).
    Removing stm32f10x_tim.o(i.TIM_GetCounter), (6 bytes).
    Removing stm32f10x_tim.o(i.TIM_GetFlagStatus), (18 bytes).
    Removing stm32f10x_tim.o(i.TIM_GetPrescaler), (6 bytes).
    Removing stm32f10x_tim.o(i.TIM_ICInit), (172 bytes).
    Removing stm32f10x_tim.o(i.TIM_ICStructInit), (18 bytes).
    Removing stm32f10x_tim.o(i.TIM_ITRxExternalClockConfig), (24 bytes).
    Removing stm32f10x_tim.o(i.TIM_InternalClockConfig), (12 bytes).
    Removing stm32f10x_tim.o(i.TIM_OC1FastConfig), (18 bytes).
    Removing stm32f10x_tim.o(i.TIM_OC1Init), (152 bytes).
    Removing stm32f10x_tim.o(i.TIM_OC1NPolarityConfig), (18 bytes).
    Removing stm32f10x_tim.o(i.TIM_OC1PolarityConfig), (18 bytes).
    Removing stm32f10x_tim.o(i.TIM_OC1PreloadConfig), (18 bytes).
    Removing stm32f10x_tim.o(i.TIM_OC2FastConfig), (26 bytes).
    Removing stm32f10x_tim.o(i.TIM_OC2Init), (164 bytes).
    Removing stm32f10x_tim.o(i.TIM_OC2NPolarityConfig), (26 bytes).
    Removing stm32f10x_tim.o(i.TIM_OC2PolarityConfig), (26 bytes).
    Removing stm32f10x_tim.o(i.TIM_OC2PreloadConfig), (26 bytes).
    Removing stm32f10x_tim.o(i.TIM_OC3FastConfig), (18 bytes).
    Removing stm32f10x_tim.o(i.TIM_OC3Init), (160 bytes).
    Removing stm32f10x_tim.o(i.TIM_OC3NPolarityConfig), (26 bytes).
    Removing stm32f10x_tim.o(i.TIM_OC3PolarityConfig), (26 bytes).
    Removing stm32f10x_tim.o(i.TIM_OC3PreloadConfig), (18 bytes).
    Removing stm32f10x_tim.o(i.TIM_OC4FastConfig), (26 bytes).
    Removing stm32f10x_tim.o(i.TIM_OC4Init), (124 bytes).
    Removing stm32f10x_tim.o(i.TIM_OC4PolarityConfig), (26 bytes).
    Removing stm32f10x_tim.o(i.TIM_OC4PreloadConfig), (26 bytes).
    Removing stm32f10x_tim.o(i.TIM_OCStructInit), (20 bytes).
    Removing stm32f10x_tim.o(i.TIM_PWMIConfig), (124 bytes).
    Removing stm32f10x_tim.o(i.TIM_PrescalerConfig), (6 bytes).
    Removing stm32f10x_tim.o(i.TIM_SelectCCDMA), (24 bytes).
    Removing stm32f10x_tim.o(i.TIM_SelectCOM), (24 bytes).
    Removing stm32f10x_tim.o(i.TIM_SelectHallSensor), (24 bytes).
    Removing stm32f10x_tim.o(i.TIM_SelectInputTrigger), (18 bytes).
    Removing stm32f10x_tim.o(i.TIM_SelectMasterSlaveMode), (18 bytes).
    Removing stm32f10x_tim.o(i.TIM_SelectOCxM), (82 bytes).
    Removing stm32f10x_tim.o(i.TIM_SelectOnePulseMode), (18 bytes).
    Removing stm32f10x_tim.o(i.TIM_SelectOutputTrigger), (18 bytes).
    Removing stm32f10x_tim.o(i.TIM_SelectSlaveMode), (18 bytes).
    Removing stm32f10x_tim.o(i.TIM_SetAutoreload), (4 bytes).
    Removing stm32f10x_tim.o(i.TIM_SetClockDivision), (18 bytes).
    Removing stm32f10x_tim.o(i.TIM_SetCompare1), (4 bytes).
    Removing stm32f10x_tim.o(i.TIM_SetCompare2), (4 bytes).
    Removing stm32f10x_tim.o(i.TIM_SetCompare3), (4 bytes).
    Removing stm32f10x_tim.o(i.TIM_SetCompare4), (6 bytes).
    Removing stm32f10x_tim.o(i.TIM_SetCounter), (4 bytes).
    Removing stm32f10x_tim.o(i.TIM_SetIC1Prescaler), (18 bytes).
    Removing stm32f10x_tim.o(i.TIM_SetIC2Prescaler), (26 bytes).
    Removing stm32f10x_tim.o(i.TIM_SetIC3Prescaler), (18 bytes).
    Removing stm32f10x_tim.o(i.TIM_SetIC4Prescaler), (26 bytes).
    Removing stm32f10x_tim.o(i.TIM_TIxExternalClockConfig), (62 bytes).
    Removing stm32f10x_tim.o(i.TIM_TimeBaseStructInit), (18 bytes).
    Removing stm32f10x_tim.o(i.TIM_UpdateDisableConfig), (24 bytes).
    Removing stm32f10x_tim.o(i.TIM_UpdateRequestConfig), (24 bytes).
    Removing stm32f10x_usart.o(i.USART_ClearITPendingBit), (30 bytes).
    Removing stm32f10x_usart.o(i.USART_ClockInit), (34 bytes).
    Removing stm32f10x_usart.o(i.USART_ClockStructInit), (12 bytes).
    Removing stm32f10x_usart.o(i.USART_DeInit), (156 bytes).
    Removing stm32f10x_usart.o(i.USART_HalfDuplexCmd), (24 bytes).
    Removing stm32f10x_usart.o(i.USART_IrDACmd), (24 bytes).
    Removing stm32f10x_usart.o(i.USART_IrDAConfig), (18 bytes).
    Removing stm32f10x_usart.o(i.USART_LINBreakDetectLengthConfig), (18 bytes).
    Removing stm32f10x_usart.o(i.USART_LINCmd), (24 bytes).
    Removing stm32f10x_usart.o(i.USART_OneBitMethodCmd), (24 bytes).
    Removing stm32f10x_usart.o(i.USART_OverSampling8Cmd), (22 bytes).
    Removing stm32f10x_usart.o(i.USART_ReceiverWakeUpCmd), (24 bytes).
    Removing stm32f10x_usart.o(i.USART_SendBreak), (10 bytes).
    Removing stm32f10x_usart.o(i.USART_SetAddress), (18 bytes).
    Removing stm32f10x_usart.o(i.USART_SetGuardTime), (16 bytes).
    Removing stm32f10x_usart.o(i.USART_SetPrescaler), (16 bytes).
    Removing stm32f10x_usart.o(i.USART_SmartCardCmd), (24 bytes).
    Removing stm32f10x_usart.o(i.USART_SmartCardNACKCmd), (24 bytes).
    Removing stm32f10x_usart.o(i.USART_StructInit), (24 bytes).
    Removing stm32f10x_usart.o(i.USART_WakeUpConfig), (18 bytes).
    Removing stm32f10x_iwdg.o(i.IWDG_Enable), (16 bytes).
    Removing stm32f10x_iwdg.o(i.IWDG_GetFlagStatus), (24 bytes).
    Removing stm32f10x_iwdg.o(i.IWDG_ReloadCounter), (16 bytes).
    Removing stm32f10x_iwdg.o(i.IWDG_SetPrescaler), (12 bytes).
    Removing stm32f10x_iwdg.o(i.IWDG_SetReload), (12 bytes).
    Removing stm32f10x_iwdg.o(i.IWDG_WriteAccessCmd), (12 bytes).
    Removing stm32f10x_wwdg.o(i.WWDG_ClearFlag), (12 bytes).
    Removing stm32f10x_wwdg.o(i.WWDG_DeInit), (22 bytes).
    Removing stm32f10x_wwdg.o(i.WWDG_Enable), (16 bytes).
    Removing stm32f10x_wwdg.o(i.WWDG_EnableIT), (12 bytes).
    Removing stm32f10x_wwdg.o(i.WWDG_GetFlagStatus), (12 bytes).
    Removing stm32f10x_wwdg.o(i.WWDG_SetCounter), (16 bytes).
    Removing stm32f10x_wwdg.o(i.WWDG_SetPrescaler), (24 bytes).
    Removing stm32f10x_wwdg.o(i.WWDG_SetWindowValue), (40 bytes).
    Removing stm32f10x_bkp.o(i.BKP_ClearFlag), (20 bytes).
    Removing stm32f10x_bkp.o(i.BKP_ClearITPendingBit), (20 bytes).
    Removing stm32f10x_bkp.o(i.BKP_DeInit), (16 bytes).
    Removing stm32f10x_bkp.o(i.BKP_GetFlagStatus), (12 bytes).
    Removing stm32f10x_bkp.o(i.BKP_GetITStatus), (12 bytes).
    Removing stm32f10x_bkp.o(i.BKP_ITConfig), (12 bytes).
    Removing stm32f10x_bkp.o(i.BKP_RTCOutputConfig), (28 bytes).
    Removing stm32f10x_bkp.o(i.BKP_ReadBackupRegister), (28 bytes).
    Removing stm32f10x_bkp.o(i.BKP_SetRTCCalibrationValue), (28 bytes).
    Removing stm32f10x_bkp.o(i.BKP_TamperPinCmd), (12 bytes).
    Removing stm32f10x_bkp.o(i.BKP_TamperPinLevelConfig), (12 bytes).
    Removing stm32f10x_bkp.o(i.BKP_WriteBackupRegister), (28 bytes).
    Removing stm32f10x_pwr.o(i.PWR_BackupAccessCmd), (12 bytes).
    Removing stm32f10x_pwr.o(i.PWR_ClearFlag), (20 bytes).
    Removing stm32f10x_pwr.o(i.PWR_DeInit), (22 bytes).
    Removing stm32f10x_pwr.o(i.PWR_EnterSTANDBYMode), (52 bytes).
    Removing stm32f10x_pwr.o(i.PWR_EnterSTOPMode), (64 bytes).
    Removing stm32f10x_pwr.o(i.PWR_GetFlagStatus), (24 bytes).
    Removing stm32f10x_pwr.o(i.PWR_PVDCmd), (12 bytes).
    Removing stm32f10x_pwr.o(i.PWR_PVDLevelConfig), (24 bytes).
    Removing stm32f10x_pwr.o(i.PWR_WakeUpPinCmd), (12 bytes).
    Removing stm32f10x_adc.o(i.ADC_AnalogWatchdogCmd), (20 bytes).
    Removing stm32f10x_adc.o(i.ADC_AnalogWatchdogSingleChannelConfig), (16 bytes).
    Removing stm32f10x_adc.o(i.ADC_AnalogWatchdogThresholdsConfig), (6 bytes).
    Removing stm32f10x_adc.o(i.ADC_AutoInjectedConvCmd), (22 bytes).
    Removing stm32f10x_adc.o(i.ADC_ClearFlag), (6 bytes).
    Removing stm32f10x_adc.o(i.ADC_ClearITPendingBit), (10 bytes).
    Removing stm32f10x_adc.o(i.ADC_DMACmd), (22 bytes).
    Removing stm32f10x_adc.o(i.ADC_DeInit), (92 bytes).
    Removing stm32f10x_adc.o(i.ADC_DiscModeChannelCountConfig), (24 bytes).
    Removing stm32f10x_adc.o(i.ADC_DiscModeCmd), (22 bytes).
    Removing stm32f10x_adc.o(i.ADC_ExternalTrigConvCmd), (22 bytes).
    Removing stm32f10x_adc.o(i.ADC_ExternalTrigInjectedConvCmd), (22 bytes).
    Removing stm32f10x_adc.o(i.ADC_ExternalTrigInjectedConvConfig), (16 bytes).
    Removing stm32f10x_adc.o(i.ADC_GetDualModeConversionValue), (12 bytes).
    Removing stm32f10x_adc.o(i.ADC_GetITStatus), (36 bytes).
    Removing stm32f10x_adc.o(i.ADC_GetInjectedConversionValue), (28 bytes).
    Removing stm32f10x_adc.o(i.ADC_GetSoftwareStartConvStatus), (20 bytes).
    Removing stm32f10x_adc.o(i.ADC_GetSoftwareStartInjectedConvCmdStatus), (20 bytes).
    Removing stm32f10x_adc.o(i.ADC_ITConfig), (24 bytes).
    Removing stm32f10x_adc.o(i.ADC_InjectedChannelConfig), (130 bytes).
    Removing stm32f10x_adc.o(i.ADC_InjectedDiscModeCmd), (22 bytes).
    Removing stm32f10x_adc.o(i.ADC_InjectedSequencerLengthConfig), (24 bytes).
    Removing stm32f10x_adc.o(i.ADC_SetInjectedOffset), (20 bytes).
    Removing stm32f10x_adc.o(i.ADC_SoftwareStartInjectedConvCmd), (22 bytes).
    Removing stm32f10x_adc.o(i.ADC_StructInit), (18 bytes).
    Removing stm32f10x_adc.o(i.ADC_TempSensorVrefintCmd), (36 bytes).
    Removing stm32f10x_dac.o(i.DAC_Cmd), (40 bytes).
    Removing stm32f10x_dac.o(i.DAC_DMACmd), (44 bytes).
    Removing stm32f10x_dac.o(i.DAC_DeInit), (22 bytes).
    Removing stm32f10x_dac.o(i.DAC_DualSoftwareTriggerCmd), (36 bytes).
    Removing stm32f10x_dac.o(i.DAC_GetDataOutputValue), (36 bytes).
    Removing stm32f10x_dac.o(i.DAC_Init), (52 bytes).
    Removing stm32f10x_dac.o(i.DAC_SetChannel1Data), (32 bytes).
    Removing stm32f10x_dac.o(i.DAC_SetChannel2Data), (32 bytes).
    Removing stm32f10x_dac.o(i.DAC_SetDualChannelData), (36 bytes).
    Removing stm32f10x_dac.o(i.DAC_SoftwareTriggerCmd), (44 bytes).
    Removing stm32f10x_dac.o(i.DAC_StructInit), (12 bytes).
    Removing stm32f10x_dac.o(i.DAC_WaveGenerationCmd), (40 bytes).
    Removing stm32f10x_dma.o(i.DMA_ClearITPendingBit), (28 bytes).
    Removing stm32f10x_dma.o(i.DMA_DeInit), (332 bytes).
    Removing stm32f10x_dma.o(i.DMA_GetCurrDataCounter), (8 bytes).
    Removing stm32f10x_dma.o(i.DMA_GetITStatus), (44 bytes).
    Removing stm32f10x_dma.o(i.DMA_ITConfig), (18 bytes).
    Removing stm32f10x_dma.o(i.DMA_StructInit), (26 bytes).
    Removing system_stm32f10x.o(i.SystemCoreClockUpdate), (164 bytes).
    Removing system_stm32f10x.o(.data), (20 bytes).
    Removing core_cm3.o(.emb_text), (32 bytes).
    Removing led.o(i.LED_Init), (60 bytes).
    Removing key.o(i.KEY_Init), (44 bytes).
    Removing key.o(i.KEY_Scan), (104 bytes).
    Removing key.o(.data), (1 bytes).
    Removing systick.o(i.delay_us), (76 bytes).
    Removing cdcmple.o(.text), (48 bytes).

257 unused section(s) (total 9739 bytes) removed from the image.

==============================================================================

Image Symbol Table

    Local Symbols

    Symbol Name                              Value     Ov Type        Size  Object(Section)

    ../clib/../cmprslib/zerorunl2.c          0x00000000   Number         0  __dczerorl2.o ABSOLUTE
    ../clib/microlib/division.c              0x00000000   Number         0  uidiv.o ABSOLUTE
    ../clib/microlib/division.c              0x00000000   Number         0  uldiv.o ABSOLUTE
    ../clib/microlib/errno.c                 0x00000000   Number         0  errno.o ABSOLUTE
    ../clib/microlib/init/entry.s            0x00000000   Number         0  entry.o ABSOLUTE
    ../clib/microlib/init/entry.s            0x00000000   Number         0  entry12b.o ABSOLUTE
    ../clib/microlib/init/entry.s            0x00000000   Number         0  entry2.o ABSOLUTE
    ../clib/microlib/init/entry.s            0x00000000   Number         0  entry5.o ABSOLUTE
    ../clib/microlib/init/entry.s            0x00000000   Number         0  entry7a.o ABSOLUTE
    ../clib/microlib/init/entry.s            0x00000000   Number         0  entry7b.o ABSOLUTE
    ../clib/microlib/init/entry.s            0x00000000   Number         0  entry8a.o ABSOLUTE
    ../clib/microlib/init/entry.s            0x00000000   Number         0  entry8b.o ABSOLUTE
    ../clib/microlib/init/entry.s            0x00000000   Number         0  entry9a.o ABSOLUTE
    ../clib/microlib/init/entry.s            0x00000000   Number         0  entry10a.o ABSOLUTE
    ../clib/microlib/init/entry.s            0x00000000   Number         0  entry10b.o ABSOLUTE
    ../clib/microlib/init/entry.s            0x00000000   Number         0  entry11a.o ABSOLUTE
    ../clib/microlib/init/entry.s            0x00000000   Number         0  entry11b.o ABSOLUTE
    ../clib/microlib/init/entry.s            0x00000000   Number         0  entry12a.o ABSOLUTE
    ../clib/microlib/init/entry.s            0x00000000   Number         0  entry9b.o ABSOLUTE
    ../clib/microlib/longlong.c              0x00000000   Number         0  llshl.o ABSOLUTE
    ../clib/microlib/longlong.c              0x00000000   Number         0  llsshr.o ABSOLUTE
    ../clib/microlib/longlong.c              0x00000000   Number         0  llushr.o ABSOLUTE
    ../clib/microlib/printf/printf.c         0x00000000   Number         0  printf8.o ABSOLUTE
    ../clib/microlib/printf/printf.c         0x00000000   Number         0  printf4.o ABSOLUTE
    ../clib/microlib/printf/printf.c         0x00000000   Number         0  printf0.o ABSOLUTE
    ../clib/microlib/printf/printf.c         0x00000000   Number         0  printfa.o ABSOLUTE
    ../clib/microlib/printf/printf.c         0x00000000   Number         0  printf7.o ABSOLUTE
    ../clib/microlib/printf/printf.c         0x00000000   Number         0  printf6.o ABSOLUTE
    ../clib/microlib/printf/printf.c         0x00000000   Number         0  printf1.o ABSOLUTE
    ../clib/microlib/printf/printf.c         0x00000000   Number         0  printf5.o ABSOLUTE
    ../clib/microlib/printf/printf.c         0x00000000   Number         0  printf3.o ABSOLUTE
    ../clib/microlib/printf/printf.c         0x00000000   Number         0  printf2.o ABSOLUTE
    ../clib/microlib/printf/printf.c         0x00000000   Number         0  printfb.o ABSOLUTE
    ../clib/microlib/printf/stubs.s          0x00000000   Number         0  stubs.o ABSOLUTE
    ../clib/microlib/stdio/streams.c         0x00000000   Number         0  stdout.o ABSOLUTE
    ../clib/microlib/stubs.s                 0x00000000   Number         0  iusefp.o ABSOLUTE
    ../fplib/microlib/d2f.c                  0x00000000   Number         0  d2f.o ABSOLUTE
    ../fplib/microlib/f2d.c                  0x00000000   Number         0  f2d.o ABSOLUTE
    ../fplib/microlib/fpadd.c                0x00000000   Number         0  dadd.o ABSOLUTE
    ../fplib/microlib/fpadd.c                0x00000000   Number         0  fadd.o ABSOLUTE
    ../fplib/microlib/fpdiv.c                0x00000000   Number         0  ddiv.o ABSOLUTE
    ../fplib/microlib/fpepilogue.c           0x00000000   Number         0  depilogue.o ABSOLUTE
    ../fplib/microlib/fpepilogue.c           0x00000000   Number         0  fepilogue.o ABSOLUTE
    ../fplib/microlib/fpfix.c                0x00000000   Number         0  dfixul.o ABSOLUTE
    ../fplib/microlib/fpfix.c                0x00000000   Number         0  dfixi.o ABSOLUTE
    ../fplib/microlib/fpflt.c                0x00000000   Number         0  dflti.o ABSOLUTE
    ../fplib/microlib/fpflt.c                0x00000000   Number         0  dfltui.o ABSOLUTE
    ../fplib/microlib/fpmul.c                0x00000000   Number         0  fmul.o ABSOLUTE
    ../fplib/microlib/fpmul.c                0x00000000   Number         0  dmul.o ABSOLUTE
    ../fplib/microlib/fpscalb.c              0x00000000   Number         0  dscalb.o ABSOLUTE
    ../fplib/microlib/fpsqrt.c               0x00000000   Number         0  dsqrt.o ABSOLUTE
    ../mathlib/cos.c                         0x00000000   Number         0  cos.o ABSOLUTE
    ../mathlib/cos.c                         0x00000000   Number         0  cos_x.o ABSOLUTE
    ../mathlib/cos_i.c                       0x00000000   Number         0  cos_i.o ABSOLUTE
    ../mathlib/dunder.c                      0x00000000   Number         0  dunder.o ABSOLUTE
    ../mathlib/fpclassify.c                  0x00000000   Number         0  fpclassify.o ABSOLUTE
    ../mathlib/poly.c                        0x00000000   Number         0  poly.o ABSOLUTE
    ../mathlib/rred.c                        0x00000000   Number         0  rred.o ABSOLUTE
    ../mathlib/sin.c                         0x00000000   Number         0  sin_x.o ABSOLUTE
    ../mathlib/sin.c                         0x00000000   Number         0  sin.o ABSOLUTE
    ../mathlib/sin_i.c                       0x00000000   Number         0  sin_i_x.o ABSOLUTE
    ../mathlib/sin_i.c                       0x00000000   Number         0  sin_i.o ABSOLUTE
    ../mathlib/sqrt.c                        0x00000000   Number         0  sqrt_x.o ABSOLUTE
    ../mathlib/sqrt.c                        0x00000000   Number         0  sqrt.o ABSOLUTE
    APP\adc\adc.c                            0x00000000   Number         0  adc.o ABSOLUTE
    APP\dma\dma.c                            0x00000000   Number         0  dma.o ABSOLUTE
    APP\key\key.c                            0x00000000   Number         0  key.o ABSOLUTE
    APP\led\led.c                            0x00000000   Number         0  led.o ABSOLUTE
    Libraries\CMSIS\core_cm3.c               0x00000000   Number         0  core_cm3.o ABSOLUTE
    Libraries\CMSIS\startup_stm32f10x_hd.s   0x00000000   Number         0  startup_stm32f10x_hd.o ABSOLUTE
    Libraries\CMSIS\system_stm32f10x.c       0x00000000   Number         0  system_stm32f10x.o ABSOLUTE
    Libraries\STM32F10x_StdPeriph_Driver\src\misc.c 0x00000000   Number         0  misc.o ABSOLUTE
    Libraries\STM32F10x_StdPeriph_Driver\src\stm32f10x_adc.c 0x00000000   Number         0  stm32f10x_adc.o ABSOLUTE
    Libraries\STM32F10x_StdPeriph_Driver\src\stm32f10x_bkp.c 0x00000000   Number         0  stm32f10x_bkp.o ABSOLUTE
    Libraries\STM32F10x_StdPeriph_Driver\src\stm32f10x_dac.c 0x00000000   Number         0  stm32f10x_dac.o ABSOLUTE
    Libraries\STM32F10x_StdPeriph_Driver\src\stm32f10x_dma.c 0x00000000   Number         0  stm32f10x_dma.o ABSOLUTE
    Libraries\STM32F10x_StdPeriph_Driver\src\stm32f10x_exti.c 0x00000000   Number         0  stm32f10x_exti.o ABSOLUTE
    Libraries\STM32F10x_StdPeriph_Driver\src\stm32f10x_gpio.c 0x00000000   Number         0  stm32f10x_gpio.o ABSOLUTE
    Libraries\STM32F10x_StdPeriph_Driver\src\stm32f10x_iwdg.c 0x00000000   Number         0  stm32f10x_iwdg.o ABSOLUTE
    Libraries\STM32F10x_StdPeriph_Driver\src\stm32f10x_pwr.c 0x00000000   Number         0  stm32f10x_pwr.o ABSOLUTE
    Libraries\STM32F10x_StdPeriph_Driver\src\stm32f10x_rcc.c 0x00000000   Number         0  stm32f10x_rcc.o ABSOLUTE
    Libraries\STM32F10x_StdPeriph_Driver\src\stm32f10x_tim.c 0x00000000   Number         0  stm32f10x_tim.o ABSOLUTE
    Libraries\STM32F10x_StdPeriph_Driver\src\stm32f10x_usart.c 0x00000000   Number         0  stm32f10x_usart.o ABSOLUTE
    Libraries\STM32F10x_StdPeriph_Driver\src\stm32f10x_wwdg.c 0x00000000   Number         0  stm32f10x_wwdg.o ABSOLUTE
    Libraries\\CMSIS\\core_cm3.c             0x00000000   Number         0  core_cm3.o ABSOLUTE
    Public\SysTick.c                         0x00000000   Number         0  systick.o ABSOLUTE
    Public\system.c                          0x00000000   Number         0  system.o ABSOLUTE
    Public\usart.c                           0x00000000   Number         0  usart.o ABSOLUTE
    User\main.c                              0x00000000   Number         0  main.o ABSOLUTE
    User\stm32f10x_it.c                      0x00000000   Number         0  stm32f10x_it.o ABSOLUTE
    cdcmple.s                                0x00000000   Number         0  cdcmple.o ABSOLUTE
    cdrcmple.s                               0x00000000   Number         0  cdrcmple.o ABSOLUTE
    cfrcmple.s                               0x00000000   Number         0  cfrcmple.o ABSOLUTE
    dc.s                                     0x00000000   Number         0  dc.o ABSOLUTE
    handlers.s                               0x00000000   Number         0  handlers.o ABSOLUTE
    init.s                                   0x00000000   Number         0  init.o ABSOLUTE
    time.c                                   0x00000000   Number         0  time.o ABSOLUTE
    RESET                                    0x08000000   Section      304  startup_stm32f10x_hd.o(RESET)
    .ARM.Collect$$$$00000000                 0x08000130   Section        0  entry.o(.ARM.Collect$$$$00000000)
    .ARM.Collect$$$$00000001                 0x08000130   Section        4  entry2.o(.ARM.Collect$$$$00000001)
    .ARM.Collect$$$$00000004                 0x08000134   Section        4  entry5.o(.ARM.Collect$$$$00000004)
    .ARM.Collect$$$$00000008                 0x08000138   Section        0  entry7b.o(.ARM.Collect$$$$00000008)
    .ARM.Collect$$$$0000000A                 0x08000138   Section        0  entry8b.o(.ARM.Collect$$$$0000000A)
    .ARM.Collect$$$$0000000B                 0x08000138   Section        8  entry9a.o(.ARM.Collect$$$$0000000B)
    .ARM.Collect$$$$0000000E                 0x08000140   Section        4  entry12b.o(.ARM.Collect$$$$0000000E)
    .ARM.Collect$$$$0000000F                 0x08000144   Section        0  entry10a.o(.ARM.Collect$$$$0000000F)
    .ARM.Collect$$$$00000011                 0x08000144   Section        0  entry11a.o(.ARM.Collect$$$$00000011)
    .ARM.Collect$$$$00002712                 0x08000144   Section        4  entry2.o(.ARM.Collect$$$$00002712)
    __lit__00000000                          0x08000144   Data           4  entry2.o(.ARM.Collect$$$$00002712)
    .text                                    0x08000148   Section       36  startup_stm32f10x_hd.o(.text)
    .text                                    0x0800016c   Section        0  fadd.o(.text)
    .text                                    0x0800021c   Section        0  fmul.o(.text)
    .text                                    0x08000280   Section        0  dmul.o(.text)
    .text                                    0x08000364   Section        0  ddiv.o(.text)
    .text                                    0x08000442   Section        0  dflti.o(.text)
    .text                                    0x08000464   Section        0  dfltui.o(.text)
    .text                                    0x0800047e   Section        0  f2d.o(.text)
    .text                                    0x080004a4   Section        0  d2f.o(.text)
    .text                                    0x080004dc   Section       20  cfrcmple.o(.text)
    .text                                    0x080004f0   Section        0  uidiv.o(.text)
    .text                                    0x0800051c   Section        0  uldiv.o(.text)
    .text                                    0x0800057e   Section        0  fepilogue.o(.text)
    .text                                    0x0800057e   Section        0  iusefp.o(.text)
    .text                                    0x080005ec   Section        0  depilogue.o(.text)
    .text                                    0x080006a6   Section        0  dadd.o(.text)
    .text                                    0x080007f4   Section        0  dsqrt.o(.text)
    .text                                    0x08000896   Section        0  dfixul.o(.text)
    .text                                    0x080008c8   Section       48  cdrcmple.o(.text)
    .text                                    0x080008f8   Section       36  init.o(.text)
    .text                                    0x0800091c   Section        0  llshl.o(.text)
    .text                                    0x0800093a   Section        0  llushr.o(.text)
    .text                                    0x0800095a   Section        0  llsshr.o(.text)
    .text                                    0x0800097e   Section        0  dscalb.o(.text)
    .text                                    0x080009ac   Section        0  dfixi.o(.text)
    .text                                    0x080009ea   Section        0  __dczerorl2.o(.text)
    i.ADC_Cmd                                0x08000a40   Section        0  stm32f10x_adc.o(i.ADC_Cmd)
    i.ADC_GetCalibrationStatus               0x08000a56   Section        0  stm32f10x_adc.o(i.ADC_GetCalibrationStatus)
    i.ADC_GetConversionValue                 0x08000a6a   Section        0  stm32f10x_adc.o(i.ADC_GetConversionValue)
    i.ADC_GetFlagStatus                      0x08000a72   Section        0  stm32f10x_adc.o(i.ADC_GetFlagStatus)
    i.ADC_GetResetCalibrationStatus          0x08000a84   Section        0  stm32f10x_adc.o(i.ADC_GetResetCalibrationStatus)
    i.ADC_Init                               0x08000a98   Section        0  stm32f10x_adc.o(i.ADC_Init)
    i.ADC_RegularChannelConfig               0x08000ae8   Section        0  stm32f10x_adc.o(i.ADC_RegularChannelConfig)
    i.ADC_ResetCalibration                   0x08000ba0   Section        0  stm32f10x_adc.o(i.ADC_ResetCalibration)
    i.ADC_SoftwareStartConvCmd               0x08000baa   Section        0  stm32f10x_adc.o(i.ADC_SoftwareStartConvCmd)
    i.ADC_StartCalibration                   0x08000bc0   Section        0  stm32f10x_adc.o(i.ADC_StartCalibration)
    i.ADCx_Init                              0x08000bcc   Section        0  adc.o(i.ADCx_Init)
    i.BitToU4Array                           0x08000c60   Section        0  main.o(i.BitToU4Array)
    i.BusFault_Handler                       0x08000c7a   Section        0  stm32f10x_it.o(i.BusFault_Handler)
    i.CONTROL_INIT                           0x08000c80   Section        0  main.o(i.CONTROL_INIT)
    i.DMA_ClearFlag                          0x08000cac   Section        0  stm32f10x_dma.o(i.DMA_ClearFlag)
    i.DMA_Cmd                                0x08000cc8   Section        0  stm32f10x_dma.o(i.DMA_Cmd)
    i.DMA_GetFlagStatus                      0x08000ce0   Section        0  stm32f10x_dma.o(i.DMA_GetFlagStatus)
    i.DMA_Init                               0x08000d0c   Section        0  stm32f10x_dma.o(i.DMA_Init)
    i.DMA_SetCurrDataCounter                 0x08000d48   Section        0  stm32f10x_dma.o(i.DMA_SetCurrDataCounter)
    i.DMAx_Enable                            0x08000d4c   Section        0  dma.o(i.DMAx_Enable)
    i.DMAx_Init                              0x08000d6c   Section        0  dma.o(i.DMAx_Init)
    i.DebugMon_Handler                       0x08000db0   Section        0  stm32f10x_it.o(i.DebugMon_Handler)
    i.GPIO_Init                              0x08000db2   Section        0  stm32f10x_gpio.o(i.GPIO_Init)
    i.Get_ADC_Value                          0x08000ec8   Section        0  adc.o(i.Get_ADC_Value)
    i.HardFault_Handler                      0x08000f18   Section        0  stm32f10x_it.o(i.HardFault_Handler)
    i.MemManage_Handler                      0x08000f1c   Section        0  stm32f10x_it.o(i.MemManage_Handler)
    i.NMI_Handler                            0x08000f20   Section        0  stm32f10x_it.o(i.NMI_Handler)
    i.NVIC_Init                              0x08000f24   Section        0  misc.o(i.NVIC_Init)
    i.NVIC_PriorityGroupConfig               0x08000f94   Section        0  misc.o(i.NVIC_PriorityGroupConfig)
    i.PendSV_Handler                         0x08000fa8   Section        0  stm32f10x_it.o(i.PendSV_Handler)
    i.RCC_ADCCLKConfig                       0x08000fac   Section        0  stm32f10x_rcc.o(i.RCC_ADCCLKConfig)
    i.RCC_AHBPeriphClockCmd                  0x08000fc4   Section        0  stm32f10x_rcc.o(i.RCC_AHBPeriphClockCmd)
    i.RCC_APB1PeriphClockCmd                 0x08000fe4   Section        0  stm32f10x_rcc.o(i.RCC_APB1PeriphClockCmd)
    i.RCC_APB2PeriphClockCmd                 0x08001004   Section        0  stm32f10x_rcc.o(i.RCC_APB2PeriphClockCmd)
    i.RCC_GetClocksFreq                      0x08001024   Section        0  stm32f10x_rcc.o(i.RCC_GetClocksFreq)
    i.SVC_Handler                            0x080010f8   Section        0  stm32f10x_it.o(i.SVC_Handler)
    i.SendFunction                           0x080010fc   Section        0  main.o(i.SendFunction)
    i.Send_Data                              0x08001160   Section        0  main.o(i.Send_Data)
    i.SetSysClock                            0x08001174   Section        0  system_stm32f10x.o(i.SetSysClock)
    SetSysClock                              0x08001175   Thumb Code     8  system_stm32f10x.o(i.SetSysClock)
    i.SetSysClockTo72                        0x0800117c   Section        0  system_stm32f10x.o(i.SetSysClockTo72)
    SetSysClockTo72                          0x0800117d   Thumb Code   214  system_stm32f10x.o(i.SetSysClockTo72)
    i.SysTick_CLKSourceConfig                0x0800125c   Section        0  misc.o(i.SysTick_CLKSourceConfig)
    i.SysTick_Handler                        0x08001284   Section        0  stm32f10x_it.o(i.SysTick_Handler)
    i.SysTick_Init                           0x08001288   Section        0  systick.o(i.SysTick_Init)
    i.SystemInit                             0x080012c4   Section        0  system_stm32f10x.o(i.SystemInit)
    i.TIM4_IRQHandler                        0x08001324   Section        0  main.o(i.TIM4_IRQHandler)
    i.TIM4_Init                              0x08001388   Section        0  time.o(i.TIM4_Init)
    i.TIM_ClearITPendingBit                  0x080013f0   Section        0  stm32f10x_tim.o(i.TIM_ClearITPendingBit)
    i.TIM_Cmd                                0x080013f6   Section        0  stm32f10x_tim.o(i.TIM_Cmd)
    i.TIM_GetITStatus                        0x0800140e   Section        0  stm32f10x_tim.o(i.TIM_GetITStatus)
    i.TIM_ITConfig                           0x08001430   Section        0  stm32f10x_tim.o(i.TIM_ITConfig)
    i.TIM_TimeBaseInit                       0x08001444   Section        0  stm32f10x_tim.o(i.TIM_TimeBaseInit)
    i.U4ToU32Array                           0x080014e8   Section        0  main.o(i.U4ToU32Array)
    i.USART1_IRQHandler                      0x08001518   Section        0  usart.o(i.USART1_IRQHandler)
    i.USART1_Init                            0x08001554   Section        0  usart.o(i.USART1_Init)
    i.USART_ClearFlag                        0x0800160c   Section        0  stm32f10x_usart.o(i.USART_ClearFlag)
    i.USART_Cmd                              0x0800161e   Section        0  stm32f10x_usart.o(i.USART_Cmd)
    i.USART_DMACmd                           0x08001636   Section        0  stm32f10x_usart.o(i.USART_DMACmd)
    i.USART_GetFlagStatus                    0x08001648   Section        0  stm32f10x_usart.o(i.USART_GetFlagStatus)
    i.USART_GetITStatus                      0x08001662   Section        0  stm32f10x_usart.o(i.USART_GetITStatus)
    i.USART_ITConfig                         0x080016b6   Section        0  stm32f10x_usart.o(i.USART_ITConfig)
    i.USART_Init                             0x08001700   Section        0  stm32f10x_usart.o(i.USART_Init)
    i.USART_ReceiveData                      0x080017d8   Section        0  stm32f10x_usart.o(i.USART_ReceiveData)
    i.USART_SendData                         0x080017e2   Section        0  stm32f10x_usart.o(i.USART_SendData)
    i.UsageFault_Handler                     0x080017ea   Section        0  stm32f10x_it.o(i.UsageFault_Handler)
    i.__0printf                              0x080017f0   Section        0  printfa.o(i.__0printf)
    i.__ARM_fpclassify                       0x08001810   Section        0  fpclassify.o(i.__ARM_fpclassify)
    i.__ieee754_rem_pio2                     0x08001838   Section        0  rred.o(i.__ieee754_rem_pio2)
    i.__kernel_cos                           0x08001bc0   Section        0  cos_i.o(i.__kernel_cos)
    i.__kernel_poly                          0x08001cbc   Section        0  poly.o(i.__kernel_poly)
    i.__kernel_sin                           0x08001d68   Section        0  sin_i.o(i.__kernel_sin)
    i.__mathlib_dbl_infnan                   0x08001e54   Section        0  dunder.o(i.__mathlib_dbl_infnan)
    i.__mathlib_dbl_invalid                  0x08001e5a   Section        0  dunder.o(i.__mathlib_dbl_invalid)
    i.__mathlib_dbl_underflow                0x08001e68   Section        0  dunder.o(i.__mathlib_dbl_underflow)
    i.__scatterload_copy                     0x08001e78   Section       14  handlers.o(i.__scatterload_copy)
    i.__scatterload_null                     0x08001e86   Section        2  handlers.o(i.__scatterload_null)
    i.__scatterload_zeroinit                 0x08001e88   Section       14  handlers.o(i.__scatterload_zeroinit)
    i.__set_errno                            0x08001e98   Section        0  errno.o(i.__set_errno)
    i._fp_digits                             0x08001ea4   Section        0  printfa.o(i._fp_digits)
    _fp_digits                               0x08001ea5   Thumb Code   366  printfa.o(i._fp_digits)
    i._printf_core                           0x08002028   Section        0  printfa.o(i._printf_core)
    _printf_core                             0x08002029   Thumb Code  1704  printfa.o(i._printf_core)
    i._printf_post_padding                   0x080026dc   Section        0  printfa.o(i._printf_post_padding)
    _printf_post_padding                     0x080026dd   Thumb Code    36  printfa.o(i._printf_post_padding)
    i._printf_pre_padding                    0x08002700   Section        0  printfa.o(i._printf_pre_padding)
    _printf_pre_padding                      0x08002701   Thumb Code    46  printfa.o(i._printf_pre_padding)
    i.control_key                            0x08002730   Section        0  main.o(i.control_key)
    i.cos                                    0x08002768   Section        0  cos.o(i.cos)
    i.delay_ms                               0x08002804   Section        0  systick.o(i.delay_ms)
    i.fputc                                  0x08002850   Section        0  usart.o(i.fputc)
    i.kfft                                   0x08002874   Section        0  main.o(i.kfft)
    i.main                                   0x08002bc0   Section        0  main.o(i.main)
    i.sin                                    0x08002eb4   Section        0  sin.o(i.sin)
    i.sqrt                                   0x08002f54   Section        0  sqrt.o(i.sqrt)
    i.typeConvert                            0x08002fa0   Section        0  main.o(i.typeConvert)
    .constdata                               0x08002fcc   Section      272  main.o(.constdata)
    .constdata                               0x080030e0   Section       48  cos_i.o(.constdata)
    C                                        0x080030e0   Data          48  cos_i.o(.constdata)
    .constdata                               0x08003110   Section      200  rred.o(.constdata)
    pio2s                                    0x08003110   Data          48  rred.o(.constdata)
    twooverpi                                0x08003140   Data         152  rred.o(.constdata)
    .constdata                               0x080031d8   Section       40  sin_i.o(.constdata)
    S                                        0x080031d8   Data          40  sin_i.o(.constdata)
    .data                                    0x20000000   Section     1066  main.o(.data)
    .data                                    0x2000042a   Section       20  stm32f10x_rcc.o(.data)
    APBAHBPrescTable                         0x2000042a   Data          16  stm32f10x_rcc.o(.data)
    ADCPrescTable                            0x2000043a   Data           4  stm32f10x_rcc.o(.data)
    .data                                    0x2000043e   Section        4  systick.o(.data)
    fac_us                                   0x2000043e   Data           1  systick.o(.data)
    fac_ms                                   0x20000440   Data           2  systick.o(.data)
    .data                                    0x20000444   Section        4  stdout.o(.data)
    .data                                    0x20000448   Section        4  errno.o(.data)
    _errno                                   0x20000448   Data           4  errno.o(.data)
    .bss                                     0x2000044c   Section     6272  main.o(.bss)
    STACK                                    0x20001cd0   Section     1024  startup_stm32f10x_hd.o(STACK)

    Global Symbols

    Symbol Name                              Value     Ov Type        Size  Object(Section)

    BuildAttributes$$THM_ISAv4$P$D$K$B$S$PE$A:L22UL41UL21$X:L11$S22US41US21$IEEE1$IW$USESV6$~STKCKD$USESV7$~SHL$OTIME$ROPI$IEEEX$EBA8$MICROLIB$REQ8$PRES8$EABIv2 0x00000000   Number         0  anon$$obj.o ABSOLUTE
    __ARM_use_no_argv                        0x00000000   Number         0  main.o ABSOLUTE
    _printf_a                                0x00000000   Number         0  stubs.o ABSOLUTE
    _printf_c                                0x00000000   Number         0  stubs.o ABSOLUTE
    _printf_charcount                        0x00000000   Number         0  stubs.o ABSOLUTE
    _printf_d                                0x00000000   Number         0  stubs.o ABSOLUTE
    _printf_e                                0x00000000   Number         0  stubs.o ABSOLUTE
    _printf_f                                0x00000000   Number         0  stubs.o ABSOLUTE
    _printf_flags                            0x00000000   Number         0  stubs.o ABSOLUTE
    _printf_fp_dec                           0x00000000   Number         0  stubs.o ABSOLUTE
    _printf_fp_hex                           0x00000000   Number         0  stubs.o ABSOLUTE
    _printf_g                                0x00000000   Number         0  stubs.o ABSOLUTE
    _printf_i                                0x00000000   Number         0  stubs.o ABSOLUTE
    _printf_int_dec                          0x00000000   Number         0  stubs.o ABSOLUTE
    _printf_l                                0x00000000   Number         0  stubs.o ABSOLUTE
    _printf_lc                               0x00000000   Number         0  stubs.o ABSOLUTE
    _printf_ll                               0x00000000   Number         0  stubs.o ABSOLUTE
    _printf_lld                              0x00000000   Number         0  stubs.o ABSOLUTE
    _printf_lli                              0x00000000   Number         0  stubs.o ABSOLUTE
    _printf_llo                              0x00000000   Number         0  stubs.o ABSOLUTE
    _printf_llu                              0x00000000   Number         0  stubs.o ABSOLUTE
    _printf_llx                              0x00000000   Number         0  stubs.o ABSOLUTE
    _printf_longlong_dec                     0x00000000   Number         0  stubs.o ABSOLUTE
    _printf_longlong_hex                     0x00000000   Number         0  stubs.o ABSOLUTE
    _printf_longlong_oct                     0x00000000   Number         0  stubs.o ABSOLUTE
    _printf_ls                               0x00000000   Number         0  stubs.o ABSOLUTE
    _printf_mbtowc                           0x00000000   Number         0  stubs.o ABSOLUTE
    _printf_n                                0x00000000   Number         0  stubs.o ABSOLUTE
    _printf_o                                0x00000000   Number         0  stubs.o ABSOLUTE
    _printf_p                                0x00000000   Number         0  stubs.o ABSOLUTE
    _printf_percent                          0x00000000   Number         0  stubs.o ABSOLUTE
    _printf_pre_padding                      0x00000000   Number         0  stubs.o ABSOLUTE
    _printf_return_value                     0x00000000   Number         0  stubs.o ABSOLUTE
    _printf_s                                0x00000000   Number         0  stubs.o ABSOLUTE
    _printf_sizespec                         0x00000000   Number         0  stubs.o ABSOLUTE
    _printf_str                              0x00000000   Number         0  stubs.o ABSOLUTE
    _printf_truncate_signed                  0x00000000   Number         0  stubs.o ABSOLUTE
    _printf_truncate_unsigned                0x00000000   Number         0  stubs.o ABSOLUTE
    _printf_u                                0x00000000   Number         0  stubs.o ABSOLUTE
    _printf_wc                               0x00000000   Number         0  stubs.o ABSOLUTE
    _printf_wctomb                           0x00000000   Number         0  stubs.o ABSOLUTE
    _printf_widthprec                        0x00000000   Number         0  stubs.o ABSOLUTE
    _printf_x                                0x00000000   Number         0  stubs.o ABSOLUTE
    __arm_fini_                               - Undefined Weak Reference
    __cpp_initialize__aeabi_                  - Undefined Weak Reference
    __cxa_finalize                            - Undefined Weak Reference
    _clock_init                               - Undefined Weak Reference
    _microlib_exit                            - Undefined Weak Reference
    __Vectors_Size                           0x00000130   Number         0  startup_stm32f10x_hd.o ABSOLUTE
    __Vectors                                0x08000000   Data           4  startup_stm32f10x_hd.o(RESET)
    __Vectors_End                            0x08000130   Data           0  startup_stm32f10x_hd.o(RESET)
    __main                                   0x08000131   Thumb Code     0  entry.o(.ARM.Collect$$$$00000000)
    _main_stk                                0x08000131   Thumb Code     0  entry2.o(.ARM.Collect$$$$00000001)
    _main_scatterload                        0x08000135   Thumb Code     0  entry5.o(.ARM.Collect$$$$00000004)
    __main_after_scatterload                 0x08000139   Thumb Code     0  entry5.o(.ARM.Collect$$$$00000004)
    _main_clock                              0x08000139   Thumb Code     0  entry7b.o(.ARM.Collect$$$$00000008)
    _main_cpp_init                           0x08000139   Thumb Code     0  entry8b.o(.ARM.Collect$$$$0000000A)
    _main_init                               0x08000139   Thumb Code     0  entry9a.o(.ARM.Collect$$$$0000000B)
    __rt_lib_shutdown_fini                   0x08000141   Thumb Code     0  entry12b.o(.ARM.Collect$$$$0000000E)
    __rt_final_cpp                           0x08000145   Thumb Code     0  entry10a.o(.ARM.Collect$$$$0000000F)
    __rt_final_exit                          0x08000145   Thumb Code     0  entry11a.o(.ARM.Collect$$$$00000011)
    Reset_Handler                            0x08000149   Thumb Code     8  startup_stm32f10x_hd.o(.text)
    ADC1_2_IRQHandler                        0x08000163   Thumb Code     0  startup_stm32f10x_hd.o(.text)
    ADC3_IRQHandler                          0x08000163   Thumb Code     0  startup_stm32f10x_hd.o(.text)
    CAN1_RX1_IRQHandler                      0x08000163   Thumb Code     0  startup_stm32f10x_hd.o(.text)
    CAN1_SCE_IRQHandler                      0x08000163   Thumb Code     0  startup_stm32f10x_hd.o(.text)
    DMA1_Channel1_IRQHandler                 0x08000163   Thumb Code     0  startup_stm32f10x_hd.o(.text)
    DMA1_Channel2_IRQHandler                 0x08000163   Thumb Code     0  startup_stm32f10x_hd.o(.text)
    DMA1_Channel3_IRQHandler                 0x08000163   Thumb Code     0  startup_stm32f10x_hd.o(.text)
    DMA1_Channel4_IRQHandler                 0x08000163   Thumb Code     0  startup_stm32f10x_hd.o(.text)
    DMA1_Channel5_IRQHandler                 0x08000163   Thumb Code     0  startup_stm32f10x_hd.o(.text)
    DMA1_Channel6_IRQHandler                 0x08000163   Thumb Code     0  startup_stm32f10x_hd.o(.text)
    DMA1_Channel7_IRQHandler                 0x08000163   Thumb Code     0  startup_stm32f10x_hd.o(.text)
    DMA2_Channel1_IRQHandler                 0x08000163   Thumb Code     0  startup_stm32f10x_hd.o(.text)
    DMA2_Channel2_IRQHandler                 0x08000163   Thumb Code     0  startup_stm32f10x_hd.o(.text)
    DMA2_Channel3_IRQHandler                 0x08000163   Thumb Code     0  startup_stm32f10x_hd.o(.text)
    DMA2_Channel4_5_IRQHandler               0x08000163   Thumb Code     0  startup_stm32f10x_hd.o(.text)
    EXTI0_IRQHandler                         0x08000163   Thumb Code     0  startup_stm32f10x_hd.o(.text)
    EXTI15_10_IRQHandler                     0x08000163   Thumb Code     0  startup_stm32f10x_hd.o(.text)
    EXTI1_IRQHandler                         0x08000163   Thumb Code     0  startup_stm32f10x_hd.o(.text)
    EXTI2_IRQHandler                         0x08000163   Thumb Code     0  startup_stm32f10x_hd.o(.text)
    EXTI3_IRQHandler                         0x08000163   Thumb Code     0  startup_stm32f10x_hd.o(.text)
    EXTI4_IRQHandler                         0x08000163   Thumb Code     0  startup_stm32f10x_hd.o(.text)
    EXTI9_5_IRQHandler                       0x08000163   Thumb Code     0  startup_stm32f10x_hd.o(.text)
    FLASH_IRQHandler                         0x08000163   Thumb Code     0  startup_stm32f10x_hd.o(.text)
    FSMC_IRQHandler                          0x08000163   Thumb Code     0  startup_stm32f10x_hd.o(.text)
    I2C1_ER_IRQHandler                       0x08000163   Thumb Code     0  startup_stm32f10x_hd.o(.text)
    I2C1_EV_IRQHandler                       0x08000163   Thumb Code     0  startup_stm32f10x_hd.o(.text)
    I2C2_ER_IRQHandler                       0x08000163   Thumb Code     0  startup_stm32f10x_hd.o(.text)
    I2C2_EV_IRQHandler                       0x08000163   Thumb Code     0  startup_stm32f10x_hd.o(.text)
    PVD_IRQHandler                           0x08000163   Thumb Code     0  startup_stm32f10x_hd.o(.text)
    RCC_IRQHandler                           0x08000163   Thumb Code     0  startup_stm32f10x_hd.o(.text)
    RTCAlarm_IRQHandler                      0x08000163   Thumb Code     0  startup_stm32f10x_hd.o(.text)
    RTC_IRQHandler                           0x08000163   Thumb Code     0  startup_stm32f10x_hd.o(.text)
    SDIO_IRQHandler                          0x08000163   Thumb Code     0  startup_stm32f10x_hd.o(.text)
    SPI1_IRQHandler                          0x08000163   Thumb Code     0  startup_stm32f10x_hd.o(.text)
    SPI2_IRQHandler                          0x08000163   Thumb Code     0  startup_stm32f10x_hd.o(.text)
    SPI3_IRQHandler                          0x08000163   Thumb Code     0  startup_stm32f10x_hd.o(.text)
    TAMPER_IRQHandler                        0x08000163   Thumb Code     0  startup_stm32f10x_hd.o(.text)
    TIM1_BRK_IRQHandler                      0x08000163   Thumb Code     0  startup_stm32f10x_hd.o(.text)
    TIM1_CC_IRQHandler                       0x08000163   Thumb Code     0  startup_stm32f10x_hd.o(.text)
    TIM1_TRG_COM_IRQHandler                  0x08000163   Thumb Code     0  startup_stm32f10x_hd.o(.text)
    TIM1_UP_IRQHandler                       0x08000163   Thumb Code     0  startup_stm32f10x_hd.o(.text)
    TIM2_IRQHandler                          0x08000163   Thumb Code     0  startup_stm32f10x_hd.o(.text)
    TIM3_IRQHandler                          0x08000163   Thumb Code     0  startup_stm32f10x_hd.o(.text)
    TIM5_IRQHandler                          0x08000163   Thumb Code     0  startup_stm32f10x_hd.o(.text)
    TIM6_IRQHandler                          0x08000163   Thumb Code     0  startup_stm32f10x_hd.o(.text)
    TIM7_IRQHandler                          0x08000163   Thumb Code     0  startup_stm32f10x_hd.o(.text)
    TIM8_BRK_IRQHandler                      0x08000163   Thumb Code     0  startup_stm32f10x_hd.o(.text)
    TIM8_CC_IRQHandler                       0x08000163   Thumb Code     0  startup_stm32f10x_hd.o(.text)
    TIM8_TRG_COM_IRQHandler                  0x08000163   Thumb Code     0  startup_stm32f10x_hd.o(.text)
    TIM8_UP_IRQHandler                       0x08000163   Thumb Code     0  startup_stm32f10x_hd.o(.text)
    UART4_IRQHandler                         0x08000163   Thumb Code     0  startup_stm32f10x_hd.o(.text)
    UART5_IRQHandler                         0x08000163   Thumb Code     0  startup_stm32f10x_hd.o(.text)
    USART2_IRQHandler                        0x08000163   Thumb Code     0  startup_stm32f10x_hd.o(.text)
    USART3_IRQHandler                        0x08000163   Thumb Code     0  startup_stm32f10x_hd.o(.text)
    USBWakeUp_IRQHandler                     0x08000163   Thumb Code     0  startup_stm32f10x_hd.o(.text)
    USB_HP_CAN1_TX_IRQHandler                0x08000163   Thumb Code     0  startup_stm32f10x_hd.o(.text)
    USB_LP_CAN1_RX0_IRQHandler               0x08000163   Thumb Code     0  startup_stm32f10x_hd.o(.text)
    WWDG_IRQHandler                          0x08000163   Thumb Code     0  startup_stm32f10x_hd.o(.text)
    __aeabi_fadd                             0x0800016d   Thumb Code   164  fadd.o(.text)
    __aeabi_fsub                             0x08000211   Thumb Code     6  fadd.o(.text)
    __aeabi_frsub                            0x08000217   Thumb Code     6  fadd.o(.text)
    __aeabi_fmul                             0x0800021d   Thumb Code   100  fmul.o(.text)
    __aeabi_dmul                             0x08000281   Thumb Code   228  dmul.o(.text)
    __aeabi_ddiv                             0x08000365   Thumb Code   222  ddiv.o(.text)
    __aeabi_i2d                              0x08000443   Thumb Code    34  dflti.o(.text)
    __aeabi_ui2d                             0x08000465   Thumb Code    26  dfltui.o(.text)
    __aeabi_f2d                              0x0800047f   Thumb Code    38  f2d.o(.text)
    __aeabi_d2f                              0x080004a5   Thumb Code    56  d2f.o(.text)
    __aeabi_cfrcmple                         0x080004dd   Thumb Code    20  cfrcmple.o(.text)
    __aeabi_uidiv                            0x080004f1   Thumb Code     0  uidiv.o(.text)
    __aeabi_uidivmod                         0x080004f1   Thumb Code    44  uidiv.o(.text)
    __aeabi_uldivmod                         0x0800051d   Thumb Code    98  uldiv.o(.text)
    __I$use$fp                               0x0800057f   Thumb Code     0  iusefp.o(.text)
    _float_round                             0x0800057f   Thumb Code    18  fepilogue.o(.text)
    _float_epilogue                          0x08000591   Thumb Code    92  fepilogue.o(.text)
    _double_round                            0x080005ed   Thumb Code    30  depilogue.o(.text)
    _double_epilogue                         0x0800060b   Thumb Code   156  depilogue.o(.text)
    __aeabi_dadd                             0x080006a7   Thumb Code   322  dadd.o(.text)
    __aeabi_dsub                             0x080007e9   Thumb Code     6  dadd.o(.text)
    __aeabi_drsub                            0x080007ef   Thumb Code     6  dadd.o(.text)
    _dsqrt                                   0x080007f5   Thumb Code   162  dsqrt.o(.text)
    __aeabi_d2ulz                            0x08000897   Thumb Code    48  dfixul.o(.text)
    __aeabi_cdrcmple                         0x080008c9   Thumb Code    48  cdrcmple.o(.text)
    __scatterload                            0x080008f9   Thumb Code    28  init.o(.text)
    __scatterload_rt2                        0x080008f9   Thumb Code     0  init.o(.text)
    __aeabi_llsl                             0x0800091d   Thumb Code    30  llshl.o(.text)
    _ll_shift_l                              0x0800091d   Thumb Code     0  llshl.o(.text)
    __aeabi_llsr                             0x0800093b   Thumb Code    32  llushr.o(.text)
    _ll_ushift_r                             0x0800093b   Thumb Code     0  llushr.o(.text)
    __aeabi_lasr                             0x0800095b   Thumb Code    36  llsshr.o(.text)
    _ll_sshift_r                             0x0800095b   Thumb Code     0  llsshr.o(.text)
    __ARM_scalbn                             0x0800097f   Thumb Code    46  dscalb.o(.text)
    scalbn                                   0x0800097f   Thumb Code     0  dscalb.o(.text)
    __aeabi_d2iz                             0x080009ad   Thumb Code    62  dfixi.o(.text)
    __decompress                             0x080009eb   Thumb Code     0  __dczerorl2.o(.text)
    __decompress1                            0x080009eb   Thumb Code    86  __dczerorl2.o(.text)
    ADC_Cmd                                  0x08000a41   Thumb Code    22  stm32f10x_adc.o(i.ADC_Cmd)
    ADC_GetCalibrationStatus                 0x08000a57   Thumb Code    20  stm32f10x_adc.o(i.ADC_GetCalibrationStatus)
    ADC_GetConversionValue                   0x08000a6b   Thumb Code     8  stm32f10x_adc.o(i.ADC_GetConversionValue)
    ADC_GetFlagStatus                        0x08000a73   Thumb Code    18  stm32f10x_adc.o(i.ADC_GetFlagStatus)
    ADC_GetResetCalibrationStatus            0x08000a85   Thumb Code    20  stm32f10x_adc.o(i.ADC_GetResetCalibrationStatus)
    ADC_Init                                 0x08000a99   Thumb Code    70  stm32f10x_adc.o(i.ADC_Init)
    ADC_RegularChannelConfig                 0x08000ae9   Thumb Code   184  stm32f10x_adc.o(i.ADC_RegularChannelConfig)
    ADC_ResetCalibration                     0x08000ba1   Thumb Code    10  stm32f10x_adc.o(i.ADC_ResetCalibration)
    ADC_SoftwareStartConvCmd                 0x08000bab   Thumb Code    22  stm32f10x_adc.o(i.ADC_SoftwareStartConvCmd)
    ADC_StartCalibration                     0x08000bc1   Thumb Code    10  stm32f10x_adc.o(i.ADC_StartCalibration)
    ADCx_Init                                0x08000bcd   Thumb Code   140  adc.o(i.ADCx_Init)
    BitToU4Array                             0x08000c61   Thumb Code    26  main.o(i.BitToU4Array)
    BusFault_Handler                         0x08000c7b   Thumb Code     4  stm32f10x_it.o(i.BusFault_Handler)
    CONTROL_INIT                             0x08000c81   Thumb Code    38  main.o(i.CONTROL_INIT)
    DMA_ClearFlag                            0x08000cad   Thumb Code    18  stm32f10x_dma.o(i.DMA_ClearFlag)
    DMA_Cmd                                  0x08000cc9   Thumb Code    24  stm32f10x_dma.o(i.DMA_Cmd)
    DMA_GetFlagStatus                        0x08000ce1   Thumb Code    36  stm32f10x_dma.o(i.DMA_GetFlagStatus)
    DMA_Init                                 0x08000d0d   Thumb Code    60  stm32f10x_dma.o(i.DMA_Init)
    DMA_SetCurrDataCounter                   0x08000d49   Thumb Code     4  stm32f10x_dma.o(i.DMA_SetCurrDataCounter)
    DMAx_Enable                              0x08000d4d   Thumb Code    32  dma.o(i.DMAx_Enable)
    DMAx_Init                                0x08000d6d   Thumb Code    68  dma.o(i.DMAx_Init)
    DebugMon_Handler                         0x08000db1   Thumb Code     2  stm32f10x_it.o(i.DebugMon_Handler)
    GPIO_Init                                0x08000db3   Thumb Code   278  stm32f10x_gpio.o(i.GPIO_Init)
    Get_ADC_Value                            0x08000ec9   Thumb Code    74  adc.o(i.Get_ADC_Value)
    HardFault_Handler                        0x08000f19   Thumb Code     4  stm32f10x_it.o(i.HardFault_Handler)
    MemManage_Handler                        0x08000f1d   Thumb Code     4  stm32f10x_it.o(i.MemManage_Handler)
    NMI_Handler                              0x08000f21   Thumb Code     2  stm32f10x_it.o(i.NMI_Handler)
    NVIC_Init                                0x08000f25   Thumb Code   100  misc.o(i.NVIC_Init)
    NVIC_PriorityGroupConfig                 0x08000f95   Thumb Code    10  misc.o(i.NVIC_PriorityGroupConfig)
    PendSV_Handler                           0x08000fa9   Thumb Code     2  stm32f10x_it.o(i.PendSV_Handler)
    RCC_ADCCLKConfig                         0x08000fad   Thumb Code    18  stm32f10x_rcc.o(i.RCC_ADCCLKConfig)
    RCC_AHBPeriphClockCmd                    0x08000fc5   Thumb Code    26  stm32f10x_rcc.o(i.RCC_AHBPeriphClockCmd)
    RCC_APB1PeriphClockCmd                   0x08000fe5   Thumb Code    26  stm32f10x_rcc.o(i.RCC_APB1PeriphClockCmd)
    RCC_APB2PeriphClockCmd                   0x08001005   Thumb Code    26  stm32f10x_rcc.o(i.RCC_APB2PeriphClockCmd)
    RCC_GetClocksFreq                        0x08001025   Thumb Code   192  stm32f10x_rcc.o(i.RCC_GetClocksFreq)
    SVC_Handler                              0x080010f9   Thumb Code     2  stm32f10x_it.o(i.SVC_Handler)
    SendFunction                             0x080010fd   Thumb Code    88  main.o(i.SendFunction)
    Send_Data                                0x08001161   Thumb Code    20  main.o(i.Send_Data)
    SysTick_CLKSourceConfig                  0x0800125d   Thumb Code    40  misc.o(i.SysTick_CLKSourceConfig)
    SysTick_Handler                          0x08001285   Thumb Code     2  stm32f10x_it.o(i.SysTick_Handler)
    SysTick_Init                             0x08001289   Thumb Code    52  systick.o(i.SysTick_Init)
    SystemInit                               0x080012c5   Thumb Code    78  system_stm32f10x.o(i.SystemInit)
    TIM4_IRQHandler                          0x08001325   Thumb Code    84  main.o(i.TIM4_IRQHandler)
    TIM4_Init                                0x08001389   Thumb Code    98  time.o(i.TIM4_Init)
    TIM_ClearITPendingBit                    0x080013f1   Thumb Code     6  stm32f10x_tim.o(i.TIM_ClearITPendingBit)
    TIM_Cmd                                  0x080013f7   Thumb Code    24  stm32f10x_tim.o(i.TIM_Cmd)
    TIM_GetITStatus                          0x0800140f   Thumb Code    34  stm32f10x_tim.o(i.TIM_GetITStatus)
    TIM_ITConfig                             0x08001431   Thumb Code    18  stm32f10x_tim.o(i.TIM_ITConfig)
    TIM_TimeBaseInit                         0x08001445   Thumb Code   122  stm32f10x_tim.o(i.TIM_TimeBaseInit)
    U4ToU32Array                             0x080014e9   Thumb Code    48  main.o(i.U4ToU32Array)
    USART1_IRQHandler                        0x08001519   Thumb Code    54  usart.o(i.USART1_IRQHandler)
    USART1_Init                              0x08001555   Thumb Code   174  usart.o(i.USART1_Init)
    USART_ClearFlag                          0x0800160d   Thumb Code    18  stm32f10x_usart.o(i.USART_ClearFlag)
    USART_Cmd                                0x0800161f   Thumb Code    24  stm32f10x_usart.o(i.USART_Cmd)
    USART_DMACmd                             0x08001637   Thumb Code    18  stm32f10x_usart.o(i.USART_DMACmd)
    USART_GetFlagStatus                      0x08001649   Thumb Code    26  stm32f10x_usart.o(i.USART_GetFlagStatus)
    USART_GetITStatus                        0x08001663   Thumb Code    84  stm32f10x_usart.o(i.USART_GetITStatus)
    USART_ITConfig                           0x080016b7   Thumb Code    74  stm32f10x_usart.o(i.USART_ITConfig)
    USART_Init                               0x08001701   Thumb Code   210  stm32f10x_usart.o(i.USART_Init)
    USART_ReceiveData                        0x080017d9   Thumb Code    10  stm32f10x_usart.o(i.USART_ReceiveData)
    USART_SendData                           0x080017e3   Thumb Code     8  stm32f10x_usart.o(i.USART_SendData)
    UsageFault_Handler                       0x080017eb   Thumb Code     4  stm32f10x_it.o(i.UsageFault_Handler)
    __0printf                                0x080017f1   Thumb Code    22  printfa.o(i.__0printf)
    __1printf                                0x080017f1   Thumb Code     0  printfa.o(i.__0printf)
    __2printf                                0x080017f1   Thumb Code     0  printfa.o(i.__0printf)
    __c89printf                              0x080017f1   Thumb Code     0  printfa.o(i.__0printf)
    printf                                   0x080017f1   Thumb Code     0  printfa.o(i.__0printf)
    __ARM_fpclassify                         0x08001811   Thumb Code    40  fpclassify.o(i.__ARM_fpclassify)
    __ieee754_rem_pio2                       0x08001839   Thumb Code   828  rred.o(i.__ieee754_rem_pio2)
    __kernel_cos                             0x08001bc1   Thumb Code   230  cos_i.o(i.__kernel_cos)
    __kernel_poly                            0x08001cbd   Thumb Code   170  poly.o(i.__kernel_poly)
    __kernel_sin                             0x08001d69   Thumb Code   224  sin_i.o(i.__kernel_sin)
    __mathlib_dbl_infnan                     0x08001e55   Thumb Code     6  dunder.o(i.__mathlib_dbl_infnan)
    __mathlib_dbl_invalid                    0x08001e5b   Thumb Code    12  dunder.o(i.__mathlib_dbl_invalid)
    __mathlib_dbl_underflow                  0x08001e69   Thumb Code    10  dunder.o(i.__mathlib_dbl_underflow)
    __scatterload_copy                       0x08001e79   Thumb Code    14  handlers.o(i.__scatterload_copy)
    __scatterload_null                       0x08001e87   Thumb Code     2  handlers.o(i.__scatterload_null)
    __scatterload_zeroinit                   0x08001e89   Thumb Code    14  handlers.o(i.__scatterload_zeroinit)
    __set_errno                              0x08001e99   Thumb Code     6  errno.o(i.__set_errno)
    control_key                              0x08002731   Thumb Code    50  main.o(i.control_key)
    cos                                      0x08002769   Thumb Code   148  cos.o(i.cos)
    delay_ms                                 0x08002805   Thumb Code    72  systick.o(i.delay_ms)
    fputc                                    0x08002851   Thumb Code    32  usart.o(i.fputc)
    kfft                                     0x08002875   Thumb Code   832  main.o(i.kfft)
    main                                     0x08002bc1   Thumb Code   684  main.o(i.main)
    sin                                      0x08002eb5   Thumb Code   150  sin.o(i.sin)
    sqrt                                     0x08002f55   Thumb Code    76  sqrt.o(i.sqrt)
    typeConvert                              0x08002fa1   Thumb Code    42  main.o(i.typeConvert)
    Sine12bit                                0x08002fcc   Data         256  main.o(.constdata)
    Region$$Table$$Base                      0x08003200   Number         0  anon$$obj.o(Region$$Table)
    Region$$Table$$Limit                     0x08003220   Number         0  anon$$obj.o(Region$$Table)
    da                                       0x20000000   Data           4  main.o(.data)
    time                                     0x20000004   Data           4  main.o(.data)
    flagadc                                  0x20000008   Data           4  main.o(.data)
    send_buf                                 0x2000000c   Data           8  main.o(.data)
    buf8                                     0x20000014   Data           8  main.o(.data)
    sendvalue4                               0x2000001c   Data           8  main.o(.data)
    sendvalue32                              0x20000024   Data           4  main.o(.data)
    flag                                     0x20000028   Data           1  main.o(.data)
    Sin4                                     0x2000002a   Data         256  main.o(.data)
    Sin8                                     0x2000012a   Data         256  main.o(.data)
    Sin12                                    0x2000022a   Data         256  main.o(.data)
    Sin16                                    0x2000032a   Data         256  main.o(.data)
    __stdout                                 0x20000444   Data           4  stdout.o(.data)
    bufb                                     0x2000044c   Data         128  main.o(.bss)
    vol                                      0x200004cc   Data        2048  main.o(.bss)
    res                                      0x20000ccc   Data        4096  main.o(.bss)
    __initial_sp                             0x200020d0   Data           0  startup_stm32f10x_hd.o(STACK)



==============================================================================

Memory Map of the image

  Image Entry point : 0x08000131

  Load Region LR_IROM1 (Base: 0x08000000, Size: 0x0000366c, Max: 0x00010000, ABSOLUTE, COMPRESSED[0x00003474])

    Execution Region ER_IROM1 (Exec base: 0x08000000, Load base: 0x08000000, Size: 0x00003220, Max: 0x00010000, ABSOLUTE)

    Exec Addr    Load Addr    Size         Type   Attr      Idx    E Section Name        Object

    0x08000000   0x08000000   0x00000130   Data   RO          388    RESET               startup_stm32f10x_hd.o
    0x08000130   0x08000130   0x00000000   Code   RO         2390  * .ARM.Collect$$$$00000000  mc_w.l(entry.o)
    0x08000130   0x08000130   0x00000004   Code   RO         2700    .ARM.Collect$$$$00000001  mc_w.l(entry2.o)
    0x08000134   0x08000134   0x00000004   Code   RO         2703    .ARM.Collect$$$$00000004  mc_w.l(entry5.o)
    0x08000138   0x08000138   0x00000000   Code   RO         2705    .ARM.Collect$$$$00000008  mc_w.l(entry7b.o)
    0x08000138   0x08000138   0x00000000   Code   RO         2707    .ARM.Collect$$$$0000000A  mc_w.l(entry8b.o)
    0x08000138   0x08000138   0x00000008   Code   RO         2708    .ARM.Collect$$$$0000000B  mc_w.l(entry9a.o)
    0x08000140   0x08000140   0x00000004   Code   RO         2715    .ARM.Collect$$$$0000000E  mc_w.l(entry12b.o)
    0x08000144   0x08000144   0x00000000   Code   RO         2710    .ARM.Collect$$$$0000000F  mc_w.l(entry10a.o)
    0x08000144   0x08000144   0x00000000   Code   RO         2712    .ARM.Collect$$$$00000011  mc_w.l(entry11a.o)
    0x08000144   0x08000144   0x00000004   Code   RO         2701    .ARM.Collect$$$$00002712  mc_w.l(entry2.o)
    0x08000148   0x08000148   0x00000024   Code   RO          389    .text               startup_stm32f10x_hd.o
    0x0800016c   0x0800016c   0x000000b0   Code   RO         2654    .text               mf_w.l(fadd.o)
    0x0800021c   0x0800021c   0x00000064   Code   RO         2656    .text               mf_w.l(fmul.o)
    0x08000280   0x08000280   0x000000e4   Code   RO         2658    .text               mf_w.l(dmul.o)
    0x08000364   0x08000364   0x000000de   Code   RO         2660    .text               mf_w.l(ddiv.o)
    0x08000442   0x08000442   0x00000022   Code   RO         2662    .text               mf_w.l(dflti.o)
    0x08000464   0x08000464   0x0000001a   Code   RO         2664    .text               mf_w.l(dfltui.o)
    0x0800047e   0x0800047e   0x00000026   Code   RO         2666    .text               mf_w.l(f2d.o)
    0x080004a4   0x080004a4   0x00000038   Code   RO         2668    .text               mf_w.l(d2f.o)
    0x080004dc   0x080004dc   0x00000014   Code   RO         2670    .text               mf_w.l(cfrcmple.o)
    0x080004f0   0x080004f0   0x0000002c   Code   RO         2717    .text               mc_w.l(uidiv.o)
    0x0800051c   0x0800051c   0x00000062   Code   RO         2719    .text               mc_w.l(uldiv.o)
    0x0800057e   0x0800057e   0x00000000   Code   RO         2728    .text               mc_w.l(iusefp.o)
    0x0800057e   0x0800057e   0x0000006e   Code   RO         2729    .text               mf_w.l(fepilogue.o)
    0x080005ec   0x080005ec   0x000000ba   Code   RO         2731    .text               mf_w.l(depilogue.o)
    0x080006a6   0x080006a6   0x0000014e   Code   RO         2733    .text               mf_w.l(dadd.o)
    0x080007f4   0x080007f4   0x000000a2   Code   RO         2735    .text               mf_w.l(dsqrt.o)
    0x08000896   0x08000896   0x00000030   Code   RO         2737    .text               mf_w.l(dfixul.o)
    0x080008c6   0x080008c6   0x00000002   PAD
    0x080008c8   0x080008c8   0x00000030   Code   RO         2741    .text               mf_w.l(cdrcmple.o)
    0x080008f8   0x080008f8   0x00000024   Code   RO         2747    .text               mc_w.l(init.o)
    0x0800091c   0x0800091c   0x0000001e   Code   RO         2749    .text               mc_w.l(llshl.o)
    0x0800093a   0x0800093a   0x00000020   Code   RO         2751    .text               mc_w.l(llushr.o)
    0x0800095a   0x0800095a   0x00000024   Code   RO         2753    .text               mc_w.l(llsshr.o)
    0x0800097e   0x0800097e   0x0000002e   Code   RO         2755    .text               mf_w.l(dscalb.o)
    0x080009ac   0x080009ac   0x0000003e   Code   RO         2757    .text               mf_w.l(dfixi.o)
    0x080009ea   0x080009ea   0x00000056   Code   RO         2767    .text               mc_w.l(__dczerorl2.o)
    0x08000a40   0x08000a40   0x00000016   Code   RO         1788    i.ADC_Cmd           stm32f10x_adc.o
    0x08000a56   0x08000a56   0x00000014   Code   RO         1796    i.ADC_GetCalibrationStatus  stm32f10x_adc.o
    0x08000a6a   0x08000a6a   0x00000008   Code   RO         1797    i.ADC_GetConversionValue  stm32f10x_adc.o
    0x08000a72   0x08000a72   0x00000012   Code   RO         1799    i.ADC_GetFlagStatus  stm32f10x_adc.o
    0x08000a84   0x08000a84   0x00000014   Code   RO         1802    i.ADC_GetResetCalibrationStatus  stm32f10x_adc.o
    0x08000a98   0x08000a98   0x00000050   Code   RO         1806    i.ADC_Init          stm32f10x_adc.o
    0x08000ae8   0x08000ae8   0x000000b8   Code   RO         1810    i.ADC_RegularChannelConfig  stm32f10x_adc.o
    0x08000ba0   0x08000ba0   0x0000000a   Code   RO         1811    i.ADC_ResetCalibration  stm32f10x_adc.o
    0x08000baa   0x08000baa   0x00000016   Code   RO         1813    i.ADC_SoftwareStartConvCmd  stm32f10x_adc.o
    0x08000bc0   0x08000bc0   0x0000000a   Code   RO         1815    i.ADC_StartCalibration  stm32f10x_adc.o
    0x08000bca   0x08000bca   0x00000002   PAD
    0x08000bcc   0x08000bcc   0x00000094   Code   RO         2280    i.ADCx_Init         adc.o
    0x08000c60   0x08000c60   0x0000001a   Code   RO            1    i.BitToU4Array      main.o
    0x08000c7a   0x08000c7a   0x00000004   Code   RO          240    i.BusFault_Handler  stm32f10x_it.o
    0x08000c7e   0x08000c7e   0x00000002   PAD
    0x08000c80   0x08000c80   0x0000002c   Code   RO            2    i.CONTROL_INIT      main.o
    0x08000cac   0x08000cac   0x0000001c   Code   RO         2082    i.DMA_ClearFlag     stm32f10x_dma.o
    0x08000cc8   0x08000cc8   0x00000018   Code   RO         2084    i.DMA_Cmd           stm32f10x_dma.o
    0x08000ce0   0x08000ce0   0x0000002c   Code   RO         2087    i.DMA_GetFlagStatus  stm32f10x_dma.o
    0x08000d0c   0x08000d0c   0x0000003c   Code   RO         2090    i.DMA_Init          stm32f10x_dma.o
    0x08000d48   0x08000d48   0x00000004   Code   RO         2091    i.DMA_SetCurrDataCounter  stm32f10x_dma.o
    0x08000d4c   0x08000d4c   0x00000020   Code   RO         2241    i.DMAx_Enable       dma.o
    0x08000d6c   0x08000d6c   0x00000044   Code   RO         2242    i.DMAx_Init         dma.o
    0x08000db0   0x08000db0   0x00000002   Code   RO          241    i.DebugMon_Handler  stm32f10x_it.o
    0x08000db2   0x08000db2   0x00000116   Code   RO          400    i.GPIO_Init         stm32f10x_gpio.o
    0x08000ec8   0x08000ec8   0x00000050   Code   RO         2281    i.Get_ADC_Value     adc.o
    0x08000f18   0x08000f18   0x00000004   Code   RO          242    i.HardFault_Handler  stm32f10x_it.o
    0x08000f1c   0x08000f1c   0x00000004   Code   RO          243    i.MemManage_Handler  stm32f10x_it.o
    0x08000f20   0x08000f20   0x00000002   Code   RO          244    i.NMI_Handler       stm32f10x_it.o
    0x08000f22   0x08000f22   0x00000002   PAD
    0x08000f24   0x08000f24   0x00000070   Code   RO          730    i.NVIC_Init         misc.o
    0x08000f94   0x08000f94   0x00000014   Code   RO          731    i.NVIC_PriorityGroupConfig  misc.o
    0x08000fa8   0x08000fa8   0x00000002   Code   RO          245    i.PendSV_Handler    stm32f10x_it.o
    0x08000faa   0x08000faa   0x00000002   PAD
    0x08000fac   0x08000fac   0x00000018   Code   RO          530    i.RCC_ADCCLKConfig  stm32f10x_rcc.o
    0x08000fc4   0x08000fc4   0x00000020   Code   RO          531    i.RCC_AHBPeriphClockCmd  stm32f10x_rcc.o
    0x08000fe4   0x08000fe4   0x00000020   Code   RO          532    i.RCC_APB1PeriphClockCmd  stm32f10x_rcc.o
    0x08001004   0x08001004   0x00000020   Code   RO          534    i.RCC_APB2PeriphClockCmd  stm32f10x_rcc.o
    0x08001024   0x08001024   0x000000d4   Code   RO          542    i.RCC_GetClocksFreq  stm32f10x_rcc.o
    0x080010f8   0x080010f8   0x00000002   Code   RO          246    i.SVC_Handler       stm32f10x_it.o
    0x080010fa   0x080010fa   0x00000002   PAD
    0x080010fc   0x080010fc   0x00000064   Code   RO            7    i.SendFunction      main.o
    0x08001160   0x08001160   0x00000014   Code   RO            8    i.Send_Data         main.o
    0x08001174   0x08001174   0x00000008   Code   RO         2154    i.SetSysClock       system_stm32f10x.o
    0x0800117c   0x0800117c   0x000000e0   Code   RO         2155    i.SetSysClockTo72   system_stm32f10x.o
    0x0800125c   0x0800125c   0x00000028   Code   RO          734    i.SysTick_CLKSourceConfig  misc.o
    0x08001284   0x08001284   0x00000002   Code   RO          247    i.SysTick_Handler   stm32f10x_it.o
    0x08001286   0x08001286   0x00000002   PAD
    0x08001288   0x08001288   0x0000003c   Code   RO         2310    i.SysTick_Init      systick.o
    0x080012c4   0x080012c4   0x00000060   Code   RO         2157    i.SystemInit        system_stm32f10x.o
    0x08001324   0x08001324   0x00000064   Code   RO            9    i.TIM4_IRQHandler   main.o
    0x08001388   0x08001388   0x00000068   Code   RO         2262    i.TIM4_Init         time.o
    0x080013f0   0x080013f0   0x00000006   Code   RO          831    i.TIM_ClearITPendingBit  stm32f10x_tim.o
    0x080013f6   0x080013f6   0x00000018   Code   RO          836    i.TIM_Cmd           stm32f10x_tim.o
    0x0800140e   0x0800140e   0x00000022   Code   RO          857    i.TIM_GetITStatus   stm32f10x_tim.o
    0x08001430   0x08001430   0x00000012   Code   RO          861    i.TIM_ITConfig      stm32f10x_tim.o
    0x08001442   0x08001442   0x00000002   PAD
    0x08001444   0x08001444   0x000000a4   Code   RO          907    i.TIM_TimeBaseInit  stm32f10x_tim.o
    0x080014e8   0x080014e8   0x00000030   Code   RO           12    i.U4ToU32Array      main.o
    0x08001518   0x08001518   0x0000003c   Code   RO         2339    i.USART1_IRQHandler  usart.o
    0x08001554   0x08001554   0x000000b8   Code   RO         2340    i.USART1_Init       usart.o
    0x0800160c   0x0800160c   0x00000012   Code   RO         1368    i.USART_ClearFlag   stm32f10x_usart.o
    0x0800161e   0x0800161e   0x00000018   Code   RO         1372    i.USART_Cmd         stm32f10x_usart.o
    0x08001636   0x08001636   0x00000012   Code   RO         1373    i.USART_DMACmd      stm32f10x_usart.o
    0x08001648   0x08001648   0x0000001a   Code   RO         1375    i.USART_GetFlagStatus  stm32f10x_usart.o
    0x08001662   0x08001662   0x00000054   Code   RO         1376    i.USART_GetITStatus  stm32f10x_usart.o
    0x080016b6   0x080016b6   0x0000004a   Code   RO         1378    i.USART_ITConfig    stm32f10x_usart.o
    0x08001700   0x08001700   0x000000d8   Code   RO         1379    i.USART_Init        stm32f10x_usart.o
    0x080017d8   0x080017d8   0x0000000a   Code   RO         1386    i.USART_ReceiveData  stm32f10x_usart.o
    0x080017e2   0x080017e2   0x00000008   Code   RO         1389    i.USART_SendData    stm32f10x_usart.o
    0x080017ea   0x080017ea   0x00000004   Code   RO          248    i.UsageFault_Handler  stm32f10x_it.o
    0x080017ee   0x080017ee   0x00000002   PAD
    0x080017f0   0x080017f0   0x00000020   Code   RO         2626    i.__0printf         mc_w.l(printfa.o)
    0x08001810   0x08001810   0x00000028   Code   RO         2743    i.__ARM_fpclassify  m_ws.l(fpclassify.o)
    0x08001838   0x08001838   0x00000388   Code   RO         2689    i.__ieee754_rem_pio2  m_ws.l(rred.o)
    0x08001bc0   0x08001bc0   0x000000fc   Code   RO         2672    i.__kernel_cos      m_ws.l(cos_i.o)
    0x08001cbc   0x08001cbc   0x000000aa   Code   RO         2745    i.__kernel_poly     m_ws.l(poly.o)
    0x08001d66   0x08001d66   0x00000002   PAD
    0x08001d68   0x08001d68   0x000000ec   Code   RO         2694    i.__kernel_sin      m_ws.l(sin_i.o)
    0x08001e54   0x08001e54   0x00000006   Code   RO         2676    i.__mathlib_dbl_infnan  m_ws.l(dunder.o)
    0x08001e5a   0x08001e5a   0x0000000c   Code   RO         2678    i.__mathlib_dbl_invalid  m_ws.l(dunder.o)
    0x08001e66   0x08001e66   0x00000002   PAD
    0x08001e68   0x08001e68   0x00000010   Code   RO         2681    i.__mathlib_dbl_underflow  m_ws.l(dunder.o)
    0x08001e78   0x08001e78   0x0000000e   Code   RO         2761    i.__scatterload_copy  mc_w.l(handlers.o)
    0x08001e86   0x08001e86   0x00000002   Code   RO         2762    i.__scatterload_null  mc_w.l(handlers.o)
    0x08001e88   0x08001e88   0x0000000e   Code   RO         2763    i.__scatterload_zeroinit  mc_w.l(handlers.o)
    0x08001e96   0x08001e96   0x00000002   PAD
    0x08001e98   0x08001e98   0x0000000c   Code   RO         2723    i.__set_errno       mc_w.l(errno.o)
    0x08001ea4   0x08001ea4   0x00000184   Code   RO         2633    i._fp_digits        mc_w.l(printfa.o)
    0x08002028   0x08002028   0x000006b4   Code   RO         2634    i._printf_core      mc_w.l(printfa.o)
    0x080026dc   0x080026dc   0x00000024   Code   RO         2635    i._printf_post_padding  mc_w.l(printfa.o)
    0x08002700   0x08002700   0x0000002e   Code   RO         2636    i._printf_pre_padding  mc_w.l(printfa.o)
    0x0800272e   0x0800272e   0x00000002   PAD
    0x08002730   0x08002730   0x00000038   Code   RO           15    i.control_key       main.o
    0x08002768   0x08002768   0x0000009c   Code   RO         2367    i.cos               m_ws.l(cos.o)
    0x08002804   0x08002804   0x0000004c   Code   RO         2311    i.delay_ms          systick.o
    0x08002850   0x08002850   0x00000024   Code   RO         2341    i.fputc             usart.o
    0x08002874   0x08002874   0x0000034c   Code   RO           16    i.kfft              main.o
    0x08002bc0   0x08002bc0   0x000002f4   Code   RO           17    i.main              main.o
    0x08002eb4   0x08002eb4   0x000000a0   Code   RO         2375    i.sin               m_ws.l(sin.o)
    0x08002f54   0x08002f54   0x0000004c   Code   RO         2383    i.sqrt              m_ws.l(sqrt.o)
    0x08002fa0   0x08002fa0   0x0000002a   Code   RO           18    i.typeConvert       main.o
    0x08002fca   0x08002fca   0x00000002   PAD
    0x08002fcc   0x08002fcc   0x00000110   Data   RO           20    .constdata          main.o
    0x080030dc   0x080030dc   0x00000004   PAD
    0x080030e0   0x080030e0   0x00000030   Data   RO         2673    .constdata          m_ws.l(cos_i.o)
    0x08003110   0x08003110   0x000000c8   Data   RO         2691    .constdata          m_ws.l(rred.o)
    0x080031d8   0x080031d8   0x00000028   Data   RO         2695    .constdata          m_ws.l(sin_i.o)
    0x08003200   0x08003200   0x00000020   Data   RO         2759    Region$$Table       anon$$obj.o


    Execution Region RW_IRAM1 (Exec base: 0x20000000, Load base: 0x08003220, Size: 0x000020d0, Max: 0x00005000, ABSOLUTE, COMPRESSED[0x00000254])

    Exec Addr    Load Addr    Size         Type   Attr      Idx    E Section Name        Object

    0x20000000   COMPRESSED   0x0000042a   Data   RW           21    .data               main.o
    0x2000042a   COMPRESSED   0x00000014   Data   RW          562    .data               stm32f10x_rcc.o
    0x2000043e   COMPRESSED   0x00000004   Data   RW         2313    .data               systick.o
    0x20000442   COMPRESSED   0x00000002   PAD
    0x20000444   COMPRESSED   0x00000004   Data   RW         2716    .data               mc_w.l(stdout.o)
    0x20000448   COMPRESSED   0x00000004   Data   RW         2724    .data               mc_w.l(errno.o)
    0x2000044c        -       0x00001880   Zero   RW           19    .bss                main.o
    0x20001ccc   COMPRESSED   0x00000004   PAD
    0x20001cd0        -       0x00000400   Zero   RW          386    STACK               startup_stm32f10x_hd.o


==============================================================================

Image component sizes


      Code (inc. data)   RO Data    RW Data    ZI Data      Debug   Object Name

       228         14          0          0          0       1304   adc.o
       100          0          0          0          0       1634   dma.o
      2036        124        272       1066       6272     224205   main.o
       172         22          0          0          0       2369   misc.o
        36          8        304          0       1024        864   startup_stm32f10x_hd.o
       394         10          0          0          0       8857   stm32f10x_adc.o
       160         18          0          0          0       4918   stm32f10x_dma.o
       278          0          0          0          0     214752   stm32f10x_gpio.o
        26          0          0          0          0      57878   stm32f10x_it.o
       332         44          0         20          0       6073   stm32f10x_rcc.o
       246         42          0          0          0       4018   stm32f10x_tim.o
       478          6          0          0          0       8074   stm32f10x_usart.o
       328         28          0          0          0       2089   system_stm32f10x.o
       136         12          0          4          0       1326   systick.o
       104          6          0          0          0        660   time.o
       280         20          0          0          0       1834   usart.o

    ----------------------------------------------------------------------
      5352        354        612       1092       7300     540855   Object Totals
         0          0         32          0          0          0   (incl. Generated)
        18          0          4          2          4          0   (incl. Padding)

    ----------------------------------------------------------------------

      Code (inc. data)   RO Data    RW Data    ZI Data      Debug   Library Member Name

       156          8          0          0          0        104   cos.o
       252         22         48          0          0        124   cos_i.o
        34          6          0          0          0        204   dunder.o
        40          0          0          0          0         68   fpclassify.o
       170          0          0          0          0         96   poly.o
       904         76        200          0          0        140   rred.o
       160         10          0          0          0        108   sin.o
       236         12         40          0          0        128   sin_i.o
        76          0          0          0          0         84   sqrt.o
        86          0          0          0          0          0   __dczerorl2.o
         0          0          0          0          0          0   entry.o
         0          0          0          0          0          0   entry10a.o
         0          0          0          0          0          0   entry11a.o
         4          0          0          0          0          0   entry12b.o
         8          4          0          0          0          0   entry2.o
         4          0          0          0          0          0   entry5.o
         0          0          0          0          0          0   entry7b.o
         0          0          0          0          0          0   entry8b.o
         8          4          0          0          0          0   entry9a.o
        12          6          0          4          0         68   errno.o
        30          0          0          0          0          0   handlers.o
        36          8          0          0          0         68   init.o
         0          0          0          0          0          0   iusefp.o
        30          0          0          0          0         68   llshl.o
        36          0          0          0          0         68   llsshr.o
        32          0          0          0          0         68   llushr.o
      2218         90          0          0          0        464   printfa.o
         0          0          0          4          0          0   stdout.o
        44          0          0          0          0         80   uidiv.o
        98          0          0          0          0         92   uldiv.o
        48          0          0          0          0         68   cdrcmple.o
        20          0          0          0          0         68   cfrcmple.o
        56          0          0          0          0         88   d2f.o
       334          0          0          0          0        148   dadd.o
       222          0          0          0          0        100   ddiv.o
       186          0          0          0          0        176   depilogue.o
        62          0          0          0          0         80   dfixi.o
        48          0          0          0          0         68   dfixul.o
        34          0          0          0          0         76   dflti.o
        26          0          0          0          0         76   dfltui.o
       228          0          0          0          0         96   dmul.o
        46          0          0          0          0         80   dscalb.o
       162          0          0          0          0        100   dsqrt.o
        38          0          0          0          0         68   f2d.o
       176          0          0          0          0        140   fadd.o
       110          0          0          0          0        168   fepilogue.o
       100          0          0          0          0         76   fmul.o

    ----------------------------------------------------------------------
      6580        246        288          8          0       3708   Library Totals
        10          0          0          0          0          0   (incl. Padding)

    ----------------------------------------------------------------------

      Code (inc. data)   RO Data    RW Data    ZI Data      Debug   Library Name

      2028        134        288          0          0       1056   m_ws.l
      2646        112          0          8          0        976   mc_w.l
      1896          0          0          0          0       1676   mf_w.l

    ----------------------------------------------------------------------
      6580        246        288          8          0       3708   Library Totals

    ----------------------------------------------------------------------

==============================================================================


      Code (inc. data)   RO Data    RW Data    ZI Data      Debug   

     11932        600        900       1100       7300     539387   Grand Totals
     11932        600        900        596       7300     539387   ELF Image Totals (compressed)
     11932        600        900        596          0          0   ROM Totals

==============================================================================

    Total RO  Size (Code + RO Data)                12832 (  12.53kB)
    Total RW  Size (RW Data + ZI Data)              8400 (   8.20kB)
    Total ROM Size (Code + RO Data + RW Data)      13428 (  13.11kB)

==============================================================================

