<html>
<body>
<pre>
<h1>礦ision Build Log</h1>
<h2>Tool Versions:</h2>
IDE-Version: μVision V5.34.0.0
Copyright (C) 2021 ARM Ltd and ARM Germany GmbH. All rights reserved.
License Information: 11 120912141@qq.com, 11, LIC=32B1Q-NCMXF-746S0-BEHNM-JPC11-CWZPA
 
Tool Versions:
Toolchain:       MDK-ARM Plus  Version: 5.34.0.0
Toolchain Path:  D:\keil5\ARM\ARMCC\Bin
C Compiler:      Armcc.exe V5.06 update 7 (build 960)
Assembler:       Armasm.exe V5.06 update 7 (build 960)
Linker/Locator:  ArmLink.exe V5.06 update 7 (build 960)
Library Manager: ArmAr.exe V5.06 update 7 (build 960)
Hex Converter:   FromElf.exe V5.06 update 7 (build 960)
CPU DLL:         SARMCM3.DLL V5.34.0.0
Dialog DLL:      DCM.DLL V1.17.3.0
Target DLL:      Segger\JL2CM3.dll V2.99.38.0
Dialog DLL:      TCM.DLL V1.48.0.0
 
<h2>Project:</h2>
C:\Users\12091\Desktop\短学期\嵌入式高级实验\校赛\myDMA实验1.2.1\myDMA实验\20. DMA实验\Template.uvprojx
Project File Date:  07/28/2021

<h2>Output:</h2>
*** Using Compiler 'V5.06 update 7 (build 960)', folder: 'D:\keil5\ARM\ARMCC\Bin'
Build target 'Target 1'
compiling main.c...
User\main.c(114): warning:  #186-D: pointless comparison of unsigned integer with zero
  		if( sendvalue4[i] < 10 && sendvalue4[i] >= 0 )
User\main.c(326): warning:  #177-D: variable "k"  was declared but never referenced
  	u8 i=0,j,k;
User\main.c(327): warning:  #177-D: variable "key"  was declared but never referenced
  	u8 key;
User\main.c(328): warning:  #177-D: variable "data"  was declared but never referenced
  	u32 data;
User\main.c(331): warning:  #177-D: variable "t"  was declared but never referenced
    float pr[POINT_NUM],pi[POINT_NUM],fr[POINT_NUM],fi[POINT_NUM],t[POINT_NUM];
User\main.c(462): warning:  #1-D: last line of file ends without a newline
  }
User\main.c: 6 warnings, 0 errors
linking...
Program Size: Code=11932 RO-data=900 RW-data=1100 ZI-data=7300  
FromELF: creating hex file...
".\Obj\Template.axf" - 0 Error(s), 6 Warning(s).

<h2>Software Packages used:</h2>

Package Vendor: Keil
                http://www.keil.com/pack/Keil.STM32F1xx_DFP.2.3.0.pack
                Keil.STM32F1xx_DFP.2.3.0
                STMicroelectronics STM32F1 Series Device Support, Drivers and Examples

<h2>Collection of Component include folders:</h2>
  D:\keil5\Packs\Keil\STM32F1xx_DFP\2.3.0\Device\Include

<h2>Collection of Component Files used:</h2>
Build Time Elapsed:  00:00:01
</pre>
</body>
</html>
